10:20:44 **** Build of project statemachine_bsp ****
make -k all 
Running Make include in ps7_cortexa9_0/libsrc/coresightps_dcc_v1_2/src
make -C ps7_cortexa9_0/libsrc/coresightps_dcc_v1_2/src -s include  "SHELL=/bin/sh" "COMPILER=arm-xilinx-eabi-gcc" "ARCHIVER=arm-xilinx-eabi-ar" "COMPILER_FLAGS=  -O2 -c" "EXTRA_COMPILER_FLAGS=-g"
Running Make include in ps7_cortexa9_0/libsrc/cpu_cortexa9_v2_1/src
make -C ps7_cortexa9_0/libsrc/cpu_cortexa9_v2_1/src -s include  "SHELL=/bin/sh" "COMPILER=arm-xilinx-eabi-gcc" "ARCHIVER=arm-xilinx-eabi-ar" "COMPILER_FLAGS=  -O2 -c" "EXTRA_COMPILER_FLAGS=-g"
Running Make include in ps7_cortexa9_0/libsrc/ddrps_v1_0/src
make -C ps7_cortexa9_0/libsrc/ddrps_v1_0/src -s include  "SHELL=/bin/sh" "COMPILER=arm-xilinx-eabi-gcc" "ARCHIVER=arm-xilinx-eabi-ar" "COMPILER_FLAGS=  -O2 -c" "EXTRA_COMPILER_FLAGS=-g"
Running Make include in ps7_cortexa9_0/libsrc/devcfg_v3_3/src
make -C ps7_cortexa9_0/libsrc/devcfg_v3_3/src -s include  "SHELL=/bin/sh" "COMPILER=arm-xilinx-eabi-gcc" "ARCHIVER=arm-xilinx-eabi-ar" "COMPILER_FLAGS=  -O2 -c" "EXTRA_COMPILER_FLAGS=-g"
Running Make include in ps7_cortexa9_0/libsrc/dmaps_v2_1/src
make -C ps7_cortexa9_0/libsrc/dmaps_v2_1/src -s include  "SHELL=/bin/sh" "COMPILER=arm-xilinx-eabi-gcc" "ARCHIVER=arm-xilinx-eabi-ar" "COMPILER_FLAGS=  -O2 -c" "EXTRA_COMPILER_FLAGS=-g"
Running Make include in ps7_cortexa9_0/libsrc/emacps_v3_1/src
make -C ps7_cortexa9_0/libsrc/emacps_v3_1/src -s include  "SHELL=/bin/sh" "COMPILER=arm-xilinx-eabi-gcc" "ARCHIVER=arm-xilinx-eabi-ar" "COMPILER_FLAGS=  -O2 -c" "EXTRA_COMPILER_FLAGS=-g"
Running Make include in ps7_cortexa9_0/libsrc/gpiops_v3_1/src
make -C ps7_cortexa9_0/libsrc/gpiops_v3_1/src -s include  "SHELL=/bin/sh" "COMPILER=arm-xilinx-eabi-gcc" "ARCHIVER=arm-xilinx-eabi-ar" "COMPILER_FLAGS=  -O2 -c" "EXTRA_COMPILER_FLAGS=-g"
Running Make include in ps7_cortexa9_0/libsrc/gpio_v4_0/src
make -C ps7_cortexa9_0/libsrc/gpio_v4_0/src -s include  "SHELL=/bin/sh" "COMPILER=arm-xilinx-eabi-gcc" "ARCHIVER=arm-xilinx-eabi-ar" "COMPILER_FLAGS=  -O2 -c" "EXTRA_COMPILER_FLAGS=-g"
Running Make include in ps7_cortexa9_0/libsrc/qspips_v3_2/src
make -C ps7_cortexa9_0/libsrc/qspips_v3_2/src -s include  "SHELL=/bin/sh" "COMPILER=arm-xilinx-eabi-gcc" "ARCHIVER=arm-xilinx-eabi-ar" "COMPILER_FLAGS=  -O2 -c" "EXTRA_COMPILER_FLAGS=-g"
Running Make include in ps7_cortexa9_0/libsrc/scugic_v3_1/src
make -C ps7_cortexa9_0/libsrc/scugic_v3_1/src -s include  "SHELL=/bin/sh" "COMPILER=arm-xilinx-eabi-gcc" "ARCHIVER=arm-xilinx-eabi-ar" "COMPILER_FLAGS=  -O2 -c" "EXTRA_COMPILER_FLAGS=-g"
Running Make include in ps7_cortexa9_0/libsrc/scutimer_v2_1/src
make -C ps7_cortexa9_0/libsrc/scutimer_v2_1/src -s include  "SHELL=/bin/sh" "COMPILER=arm-xilinx-eabi-gcc" "ARCHIVER=arm-xilinx-eabi-ar" "COMPILER_FLAGS=  -O2 -c" "EXTRA_COMPILER_FLAGS=-g"
Running Make include in ps7_cortexa9_0/libsrc/scuwdt_v2_1/src
make -C ps7_cortexa9_0/libsrc/scuwdt_v2_1/src -s include  "SHELL=/bin/sh" "COMPILER=arm-xilinx-eabi-gcc" "ARCHIVER=arm-xilinx-eabi-ar" "COMPILER_FLAGS=  -O2 -c" "EXTRA_COMPILER_FLAGS=-g"
Running Make include in ps7_cortexa9_0/libsrc/sdps_v2_6/src
make -C ps7_cortexa9_0/libsrc/sdps_v2_6/src -s include  "SHELL=/bin/sh" "COMPILER=arm-xilinx-eabi-gcc" "ARCHIVER=arm-xilinx-eabi-ar" "COMPILER_FLAGS=  -O2 -c" "EXTRA_COMPILER_FLAGS=-g"
Running Make include in ps7_cortexa9_0/libsrc/standalone_v5_3/src
make -C ps7_cortexa9_0/libsrc/standalone_v5_3/src -s include  "SHELL=/bin/sh" "COMPILER=arm-xilinx-eabi-gcc" "ARCHIVER=arm-xilinx-eabi-ar" "COMPILER_FLAGS=  -O2 -c" "EXTRA_COMPILER_FLAGS=-g"
Running Make include in ps7_cortexa9_0/libsrc/ttcps_v3_0/src
make -C ps7_cortexa9_0/libsrc/ttcps_v3_0/src -s include  "SHELL=/bin/sh" "COMPILER=arm-xilinx-eabi-gcc" "ARCHIVER=arm-xilinx-eabi-ar" "COMPILER_FLAGS=  -O2 -c" "EXTRA_COMPILER_FLAGS=-g"
Running Make include in ps7_cortexa9_0/libsrc/uartps_v3_1/src
make -C ps7_cortexa9_0/libsrc/uartps_v3_1/src -s include  "SHELL=/bin/sh" "COMPILER=arm-xilinx-eabi-gcc" "ARCHIVER=arm-xilinx-eabi-ar" "COMPILER_FLAGS=  -O2 -c" "EXTRA_COMPILER_FLAGS=-g"
Running Make include in ps7_cortexa9_0/libsrc/usbps_v2_2/src
make -C ps7_cortexa9_0/libsrc/usbps_v2_2/src -s include  "SHELL=/bin/sh" "COMPILER=arm-xilinx-eabi-gcc" "ARCHIVER=arm-xilinx-eabi-ar" "COMPILER_FLAGS=  -O2 -c" "EXTRA_COMPILER_FLAGS=-g"
Running Make include in ps7_cortexa9_0/libsrc/xadcps_v2_2/src
make -C ps7_cortexa9_0/libsrc/xadcps_v2_2/src -s include  "SHELL=/bin/sh" "COMPILER=arm-xilinx-eabi-gcc" "ARCHIVER=arm-xilinx-eabi-ar" "COMPILER_FLAGS=  -O2 -c" "EXTRA_COMPILER_FLAGS=-g"
Running Make libs in ps7_cortexa9_0/libsrc/coresightps_dcc_v1_2/src
make -C ps7_cortexa9_0/libsrc/coresightps_dcc_v1_2/src -s libs  "SHELL=/bin/sh" "COMPILER=arm-xilinx-eabi-gcc" "ARCHIVER=arm-xilinx-eabi-ar" "COMPILER_FLAGS=  -O2 -c" "EXTRA_COMPILER_FLAGS=-g"
Compiling coresightps_dcc
arm-xilinx-eabi-ar: creating ../../../lib/libxil.a
Running Make libs in ps7_cortexa9_0/libsrc/cpu_cortexa9_v2_1/src
make -C ps7_cortexa9_0/libsrc/cpu_cortexa9_v2_1/src -s libs  "SHELL=/bin/sh" "COMPILER=arm-xilinx-eabi-gcc" "ARCHIVER=arm-xilinx-eabi-ar" "COMPILER_FLAGS=  -O2 -c" "EXTRA_COMPILER_FLAGS=-g"
Compiling cpu_cortexa9
Running Make libs in ps7_cortexa9_0/libsrc/ddrps_v1_0/src
make -C ps7_cortexa9_0/libsrc/ddrps_v1_0/src -s libs  "SHELL=/bin/sh" "COMPILER=arm-xilinx-eabi-gcc" "ARCHIVER=arm-xilinx-eabi-ar" "COMPILER_FLAGS=  -O2 -c" "EXTRA_COMPILER_FLAGS=-g"
Compiling ddrps
Running Make libs in ps7_cortexa9_0/libsrc/devcfg_v3_3/src
make -C ps7_cortexa9_0/libsrc/devcfg_v3_3/src -s libs  "SHELL=/bin/sh" "COMPILER=arm-xilinx-eabi-gcc" "ARCHIVER=arm-xilinx-eabi-ar" "COMPILER_FLAGS=  -O2 -c" "EXTRA_COMPILER_FLAGS=-g"
Compiling devcfg
Running Make libs in ps7_cortexa9_0/libsrc/dmaps_v2_1/src
make -C ps7_cortexa9_0/libsrc/dmaps_v2_1/src -s libs  "SHELL=/bin/sh" "COMPILER=arm-xilinx-eabi-gcc" "ARCHIVER=arm-xilinx-eabi-ar" "COMPILER_FLAGS=  -O2 -c" "EXTRA_COMPILER_FLAGS=-g"
Compiling dmaps
Running Make libs in ps7_cortexa9_0/libsrc/emacps_v3_1/src
make -C ps7_cortexa9_0/libsrc/emacps_v3_1/src -s libs  "SHELL=/bin/sh" "COMPILER=arm-xilinx-eabi-gcc" "ARCHIVER=arm-xilinx-eabi-ar" "COMPILER_FLAGS=  -O2 -c" "EXTRA_COMPILER_FLAGS=-g"
Compiling emacps
Running Make libs in ps7_cortexa9_0/libsrc/gpiops_v3_1/src
make -C ps7_cortexa9_0/libsrc/gpiops_v3_1/src -s libs  "SHELL=/bin/sh" "COMPILER=arm-xilinx-eabi-gcc" "ARCHIVER=arm-xilinx-eabi-ar" "COMPILER_FLAGS=  -O2 -c" "EXTRA_COMPILER_FLAGS=-g"
Compiling gpiops
Running Make libs in ps7_cortexa9_0/libsrc/gpio_v4_0/src
make -C ps7_cortexa9_0/libsrc/gpio_v4_0/src -s libs  "SHELL=/bin/sh" "COMPILER=arm-xilinx-eabi-gcc" "ARCHIVER=arm-xilinx-eabi-ar" "COMPILER_FLAGS=  -O2 -c" "EXTRA_COMPILER_FLAGS=-g"
Compiling gpio
Running Make libs in ps7_cortexa9_0/libsrc/qspips_v3_2/src
make -C ps7_cortexa9_0/libsrc/qspips_v3_2/src -s libs  "SHELL=/bin/sh" "COMPILER=arm-xilinx-eabi-gcc" "ARCHIVER=arm-xilinx-eabi-ar" "COMPILER_FLAGS=  -O2 -c" "EXTRA_COMPILER_FLAGS=-g"
Compiling qspips
Running Make libs in ps7_cortexa9_0/libsrc/scugic_v3_1/src
make -C ps7_cortexa9_0/libsrc/scugic_v3_1/src -s libs  "SHELL=/bin/sh" "COMPILER=arm-xilinx-eabi-gcc" "ARCHIVER=arm-xilinx-eabi-ar" "COMPILER_FLAGS=  -O2 -c" "EXTRA_COMPILER_FLAGS=-g"
Compiling scugic
Running Make libs in ps7_cortexa9_0/libsrc/scutimer_v2_1/src
make -C ps7_cortexa9_0/libsrc/scutimer_v2_1/src -s libs  "SHELL=/bin/sh" "COMPILER=arm-xilinx-eabi-gcc" "ARCHIVER=arm-xilinx-eabi-ar" "COMPILER_FLAGS=  -O2 -c" "EXTRA_COMPILER_FLAGS=-g"
Compiling scutimer
Running Make libs in ps7_cortexa9_0/libsrc/scuwdt_v2_1/src
make -C ps7_cortexa9_0/libsrc/scuwdt_v2_1/src -s libs  "SHELL=/bin/sh" "COMPILER=arm-xilinx-eabi-gcc" "ARCHIVER=arm-xilinx-eabi-ar" "COMPILER_FLAGS=  -O2 -c" "EXTRA_COMPILER_FLAGS=-g"
Compiling scuwdt
Running Make libs in ps7_cortexa9_0/libsrc/sdps_v2_6/src
make -C ps7_cortexa9_0/libsrc/sdps_v2_6/src -s libs  "SHELL=/bin/sh" "COMPILER=arm-xilinx-eabi-gcc" "ARCHIVER=arm-xilinx-eabi-ar" "COMPILER_FLAGS=  -O2 -c" "EXTRA_COMPILER_FLAGS=-g"
Compiling sdps
Running Make libs in ps7_cortexa9_0/libsrc/standalone_v5_3/src
make -C ps7_cortexa9_0/libsrc/standalone_v5_3/src -s libs  "SHELL=/bin/sh" "COMPILER=arm-xilinx-eabi-gcc" "ARCHIVER=arm-xilinx-eabi-ar" "COMPILER_FLAGS=  -O2 -c" "EXTRA_COMPILER_FLAGS=-g"
Compiling standalone
Running Make libs in ps7_cortexa9_0/libsrc/ttcps_v3_0/src
make -C ps7_cortexa9_0/libsrc/ttcps_v3_0/src -s libs  "SHELL=/bin/sh" "COMPILER=arm-xilinx-eabi-gcc" "ARCHIVER=arm-xilinx-eabi-ar" "COMPILER_FLAGS=  -O2 -c" "EXTRA_COMPILER_FLAGS=-g"
Compiling ttcps
Running Make libs in ps7_cortexa9_0/libsrc/uartps_v3_1/src
make -C ps7_cortexa9_0/libsrc/uartps_v3_1/src -s libs  "SHELL=/bin/sh" "COMPILER=arm-xilinx-eabi-gcc" "ARCHIVER=arm-xilinx-eabi-ar" "COMPILER_FLAGS=  -O2 -c" "EXTRA_COMPILER_FLAGS=-g"
Compiling uartps
Running Make libs in ps7_cortexa9_0/libsrc/usbps_v2_2/src
make -C ps7_cortexa9_0/libsrc/usbps_v2_2/src -s libs  "SHELL=/bin/sh" "COMPILER=arm-xilinx-eabi-gcc" "ARCHIVER=arm-xilinx-eabi-ar" "COMPILER_FLAGS=  -O2 -c" "EXTRA_COMPILER_FLAGS=-g"
Compiling usbps
Running Make libs in ps7_cortexa9_0/libsrc/xadcps_v2_2/src
make -C ps7_cortexa9_0/libsrc/xadcps_v2_2/src -s libs  "SHELL=/bin/sh" "COMPILER=arm-xilinx-eabi-gcc" "ARCHIVER=arm-xilinx-eabi-ar" "COMPILER_FLAGS=  -O2 -c" "EXTRA_COMPILER_FLAGS=-g"
Compiling xadcps
Finished building libraries
10:20:58 **** Build of configuration Debug for project statemachine ****
make all 
Building file: ../src/helloworld.c
Invoking: ARM gcc compiler
arm-xilinx-eabi-gcc -Wall -O0 -g3 -c -fmessage-length=0 -MT"src/helloworld.o" -I../../statemachine_bsp/ps7_cortexa9_0/include -MMD -MP -MF"src/helloworld.d" -MT"src/helloworld.d" -o "src/helloworld.o" "../src/helloworld.c"
Finished building: ../src/helloworld.c
 
Building file: ../src/platform.c
Invoking: ARM gcc compiler
arm-xilinx-eabi-gcc -Wall -O0 -g3 -c -fmessage-length=0 -MT"src/platform.o" -I../../statemachine_bsp/ps7_cortexa9_0/include -MMD -MP -MF"src/platform.d" -MT"src/platform.d" -o "src/platform.o" "../src/platform.c"
Finished building: ../src/platform.c
 
Building target: statemachine.elf
Invoking: ARM gcc linker
arm-xilinx-eabi-gcc -Wl,-T -Wl,../src/lscript.ld -L../../statemachine_bsp/ps7_cortexa9_0/lib -o "statemachine.elf"  ./src/helloworld.o ./src/platform.o   -Wl,--start-group,-lxil,-lgcc,-lc,--end-group
Finished building target: statemachine.elf
 
Invoking: ARM Print Size
arm-xilinx-eabi-size statemachine.elf  |tee "statemachine.elf.size"
   text	   data	    bss	    dec	    hex	filename
  22888	   1152	  22564	  46604	   b60c	statemachine.elf
Finished building: statemachine.elf.size
 
11:15:02 **** Clean-only build of configuration Debug for project statemachine ****
make clean 
rm -rf  ./src/helloworld.o ./src/platform.o  ./src/helloworld.d ./src/platform.d  statemachine.elf.size  statemachine.elf
 
11:15:02 **** Auto Build of configuration Debug for project statemachine ****
make all 
Building file: ../src/helloworld.c
Invoking: ARM gcc compiler
arm-xilinx-eabi-gcc -Wall -O0 -g3 -c -fmessage-length=0 -MT"src/helloworld.o" -I../../statemachine_bsp/ps7_cortexa9_0/include -MMD -MP -MF"src/helloworld.d" -MT"src/helloworld.d" -o "src/helloworld.o" "../src/helloworld.c"
Finished building: ../src/helloworld.c
 
Building file: ../src/platform.c
Invoking: ARM gcc compiler
arm-xilinx-eabi-gcc -Wall -O0 -g3 -c -fmessage-length=0 -MT"src/platform.o" -I../../statemachine_bsp/ps7_cortexa9_0/include -MMD -MP -MF"src/platform.d" -MT"src/platform.d" -o "src/platform.o" "../src/platform.c"
Finished building: ../src/platform.c
 
Building target: statemachine.elf
Invoking: ARM gcc linker
arm-xilinx-eabi-gcc -Wl,-T -Wl,../src/lscript.ld -L../../statemachine_bsp/ps7_cortexa9_0/lib -o "statemachine.elf"  ./src/helloworld.o ./src/platform.o   -Wl,--start-group,-lxil,-lgcc,-lc,--end-group
Finished building target: statemachine.elf
 
Invoking: ARM Print Size
arm-xilinx-eabi-size statemachine.elf  |tee "statemachine.elf.size"
   text	   data	    bss	    dec	    hex	filename
  22568	   1152	  22564	  46284	   b4cc	statemachine.elf
Finished building: statemachine.elf.size
 
11:15:17 **** Auto Build of configuration Debug for project statemachine ****
make all 
Building file: ../src/helloworld.c
Invoking: ARM gcc compiler
arm-xilinx-eabi-gcc -Wall -O0 -g3 -c -fmessage-length=0 -MT"src/helloworld.o" -I../../statemachine_bsp/ps7_cortexa9_0/include -MMD -MP -MF"src/helloworld.d" -MT"src/helloworld.d" -o "src/helloworld.o" "../src/helloworld.c"
Finished building: ../src/helloworld.c
 
Building target: statemachine.elf
Invoking: ARM gcc linker
arm-xilinx-eabi-gcc -Wl,-T -Wl,../src/lscript.ld -L../../statemachine_bsp/ps7_cortexa9_0/lib -o "statemachine.elf"  ./src/helloworld.o ./src/platform.o   -Wl,--start-group,-lxil,-lgcc,-lc,--end-group
Finished building target: statemachine.elf
 
Invoking: ARM Print Size
arm-xilinx-eabi-size statemachine.elf  |tee "statemachine.elf.size"
   text	   data	    bss	    dec	    hex	filename
  22568	   1152	  22564	  46284	   b4cc	statemachine.elf
Finished building: statemachine.elf.size
 
11:16:11 **** Auto Build of configuration Debug for project statemachine ****
make all 
Building file: ../src/helloworld.c
Invoking: ARM gcc compiler
arm-xilinx-eabi-gcc -Wall -O0 -g3 -c -fmessage-length=0 -MT"src/helloworld.o" -I../../statemachine_bsp/ps7_cortexa9_0/include -MMD -MP -MF"src/helloworld.d" -MT"src/helloworld.d" -o "src/helloworld.o" "../src/helloworld.c"
Finished building: ../src/helloworld.c
 
Building target: statemachine.elf
Invoking: ARM gcc linker
arm-xilinx-eabi-gcc -Wl,-T -Wl,../src/lscript.ld -L../../statemachine_bsp/ps7_cortexa9_0/lib -o "statemachine.elf"  ./src/helloworld.o ./src/platform.o   -Wl,--start-group,-lxil,-lgcc,-lc,--end-group
Finished building target: statemachine.elf
 
Invoking: ARM Print Size
arm-xilinx-eabi-size statemachine.elf  |tee "statemachine.elf.size"
   text	   data	    bss	    dec	    hex	filename
  22568	   1152	  22596	  46316	   b4ec	statemachine.elf
Finished building: statemachine.elf.size
 
11:16:53 **** Auto Build of configuration Debug for project statemachine ****
make all 
Building file: ../src/helloworld.c
Invoking: ARM gcc compiler
arm-xilinx-eabi-gcc -Wall -O0 -g3 -c -fmessage-length=0 -MT"src/helloworld.o" -I../../statemachine_bsp/ps7_cortexa9_0/include -MMD -MP -MF"src/helloworld.d" -MT"src/helloworld.d" -o "src/helloworld.o" "../src/helloworld.c"
Finished building: ../src/helloworld.c
 
Building target: statemachine.elf
Invoking: ARM gcc linker
arm-xilinx-eabi-gcc -Wl,-T -Wl,../src/lscript.ld -L../../statemachine_bsp/ps7_cortexa9_0/lib -o "statemachine.elf"  ./src/helloworld.o ./src/platform.o   -Wl,--start-group,-lxil,-lgcc,-lc,--end-group
Finished building target: statemachine.elf
 
Invoking: ARM Print Size
arm-xilinx-eabi-size statemachine.elf  |tee "statemachine.elf.size"
   text	   data	    bss	    dec	    hex	filename
  22568	   1152	  22612	  46332	   b4fc	statemachine.elf
Finished building: statemachine.elf.size
 
11:17:03 **** Auto Build of configuration Debug for project statemachine ****
make all 
Building file: ../src/helloworld.c
Invoking: ARM gcc compiler
arm-xilinx-eabi-gcc -Wall -O0 -g3 -c -fmessage-length=0 -MT"src/helloworld.o" -I../../statemachine_bsp/ps7_cortexa9_0/include -MMD -MP -MF"src/helloworld.d" -MT"src/helloworld.d" -o "src/helloworld.o" "../src/helloworld.c"
Finished building: ../src/helloworld.c
 
Building target: statemachine.elf
Invoking: ARM gcc linker
arm-xilinx-eabi-gcc -Wl,-T -Wl,../src/lscript.ld -L../../statemachine_bsp/ps7_cortexa9_0/lib -o "statemachine.elf"  ./src/helloworld.o ./src/platform.o   -Wl,--start-group,-lxil,-lgcc,-lc,--end-group
Finished building target: statemachine.elf
 
Invoking: ARM Print Size
arm-xilinx-eabi-size statemachine.elf  |tee "statemachine.elf.size"
   text	   data	    bss	    dec	    hex	filename
  22568	   1152	  22612	  46332	   b4fc	statemachine.elf
Finished building: statemachine.elf.size
 
11:18:01 **** Auto Build of configuration Debug for project statemachine ****
make all 
Building file: ../src/helloworld.c
Invoking: ARM gcc compiler
arm-xilinx-eabi-gcc -Wall -O0 -g3 -c -fmessage-length=0 -MT"src/helloworld.o" -I../../statemachine_bsp/ps7_cortexa9_0/include -MMD -MP -MF"src/helloworld.d" -MT"src/helloworld.d" -o "src/helloworld.o" "../src/helloworld.c"
../src/helloworld.c: In function 'main':
../src/helloworld.c:24:5: error: 'state' undeclared (first use in this function)
     state = INITIALIZE;
     ^
../src/helloworld.c:24:5: note: each undeclared identifier is reported only once for each function it appears in
make: *** [src/helloworld.o] Error 1
11:18:55 **** Auto Build of configuration Debug for project statemachine ****
make all 
Building file: ../src/helloworld.c
Invoking: ARM gcc compiler
arm-xilinx-eabi-gcc -Wall -O0 -g3 -c -fmessage-length=0 -MT"src/helloworld.o" -I../../statemachine_bsp/ps7_cortexa9_0/include -MMD -MP -MF"src/helloworld.d" -MT"src/helloworld.d" -o "src/helloworld.o" "../src/helloworld.c"
Finished building: ../src/helloworld.c
 
Building target: statemachine.elf
Invoking: ARM gcc linker
arm-xilinx-eabi-gcc -Wl,-T -Wl,../src/lscript.ld -L../../statemachine_bsp/ps7_cortexa9_0/lib -o "statemachine.elf"  ./src/helloworld.o ./src/platform.o   -Wl,--start-group,-lxil,-lgcc,-lc,--end-group
./src/helloworld.o: In function `main':
/home/matthias/robtekF16/emb/pongit/pongit.sdk/statemachine/Debug/../src/helloworld.c:25: undefined reference to `statemachine'
collect2: error: ld returned 1 exit status
make: *** [statemachine.elf] Error 1
11:19:55 **** Auto Build of configuration Debug for project statemachine ****
make all 
Building file: ../src/helloworld.c
Invoking: ARM gcc compiler
arm-xilinx-eabi-gcc -Wall -O0 -g3 -c -fmessage-length=0 -MT"src/helloworld.o" -I../../statemachine_bsp/ps7_cortexa9_0/include -MMD -MP -MF"src/helloworld.d" -MT"src/helloworld.d" -o "src/helloworld.o" "../src/helloworld.c"
../src/helloworld.c: In function 'statemachine':
../src/helloworld.c:36:14: warning: assignment makes integer from pointer without a cast
         init = gpio_initialize;
              ^
../src/helloworld.c:32:38: warning: unused variable 'btn_2' [-Wunused-variable]
   int sw_1 = 0, sw_2 = 0, btn_1 = 0, btn_2 = 0,init = 0;
                                      ^
../src/helloworld.c:32:27: warning: unused variable 'btn_1' [-Wunused-variable]
   int sw_1 = 0, sw_2 = 0, btn_1 = 0, btn_2 = 0,init = 0;
                           ^
../src/helloworld.c:32:17: warning: unused variable 'sw_2' [-Wunused-variable]
   int sw_1 = 0, sw_2 = 0, btn_1 = 0, btn_2 = 0,init = 0;
                 ^
../src/helloworld.c:32:7: warning: unused variable 'sw_1' [-Wunused-variable]
   int sw_1 = 0, sw_2 = 0, btn_1 = 0, btn_2 = 0,init = 0;
       ^
Finished building: ../src/helloworld.c
 
Building target: statemachine.elf
Invoking: ARM gcc linker
arm-xilinx-eabi-gcc -Wl,-T -Wl,../src/lscript.ld -L../../statemachine_bsp/ps7_cortexa9_0/lib -o "statemachine.elf"  ./src/helloworld.o ./src/platform.o   -Wl,--start-group,-lxil,-lgcc,-lc,--end-group
./src/helloworld.o: In function `statemachine':
/home/matthias/robtekF16/emb/pongit/pongit.sdk/statemachine/Debug/../src/helloworld.c:36: undefined reference to `gpio_initialize'
/home/matthias/robtekF16/emb/pongit/pongit.sdk/statemachine/Debug/../src/helloworld.c:36: undefined reference to `gpio_initialize'
collect2: error: ld returned 1 exit status
make: *** [statemachine.elf] Error 1
11:20:07 **** Auto Build of configuration Debug for project statemachine ****
make all 
Building file: ../src/helloworld.c
Invoking: ARM gcc compiler
arm-xilinx-eabi-gcc -Wall -O0 -g3 -c -fmessage-length=0 -MT"src/helloworld.o" -I../../statemachine_bsp/ps7_cortexa9_0/include -MMD -MP -MF"src/helloworld.d" -MT"src/helloworld.d" -o "src/helloworld.o" "../src/helloworld.c"
../src/helloworld.c: In function 'statemachine':
../src/helloworld.c:32:38: warning: unused variable 'btn_2' [-Wunused-variable]
   int sw_1 = 0, sw_2 = 0, btn_1 = 0, btn_2 = 0,init = 0;
                                      ^
../src/helloworld.c:32:27: warning: unused variable 'btn_1' [-Wunused-variable]
   int sw_1 = 0, sw_2 = 0, btn_1 = 0, btn_2 = 0,init = 0;
                           ^
../src/helloworld.c:32:17: warning: unused variable 'sw_2' [-Wunused-variable]
   int sw_1 = 0, sw_2 = 0, btn_1 = 0, btn_2 = 0,init = 0;
                 ^
../src/helloworld.c:32:7: warning: unused variable 'sw_1' [-Wunused-variable]
   int sw_1 = 0, sw_2 = 0, btn_1 = 0, btn_2 = 0,init = 0;
       ^
Finished building: ../src/helloworld.c
 
Building target: statemachine.elf
Invoking: ARM gcc linker
arm-xilinx-eabi-gcc -Wl,-T -Wl,../src/lscript.ld -L../../statemachine_bsp/ps7_cortexa9_0/lib -o "statemachine.elf"  ./src/helloworld.o ./src/platform.o   -Wl,--start-group,-lxil,-lgcc,-lc,--end-group
./src/helloworld.o: In function `statemachine':
/home/matthias/robtekF16/emb/pongit/pongit.sdk/statemachine/Debug/../src/helloworld.c:36: undefined reference to `gpio_initialize'
collect2: error: ld returned 1 exit status
make: *** [statemachine.elf] Error 1
11:20:25 **** Auto Build of configuration Debug for project statemachine ****
make all 
Building file: ../src/helloworld.c
Invoking: ARM gcc compiler
arm-xilinx-eabi-gcc -Wall -O0 -g3 -c -fmessage-length=0 -MT"src/helloworld.o" -I../../statemachine_bsp/ps7_cortexa9_0/include -MMD -MP -MF"src/helloworld.d" -MT"src/helloworld.d" -o "src/helloworld.o" "../src/helloworld.c"
../src/helloworld.c: In function 'statemachine':
../src/helloworld.c:32:38: warning: unused variable 'btn_2' [-Wunused-variable]
   int sw_1 = 0, sw_2 = 0, btn_1 = 0, btn_2 = 0,init = 0;
                                      ^
../src/helloworld.c:32:27: warning: unused variable 'btn_1' [-Wunused-variable]
   int sw_1 = 0, sw_2 = 0, btn_1 = 0, btn_2 = 0,init = 0;
                           ^
../src/helloworld.c:32:17: warning: unused variable 'sw_2' [-Wunused-variable]
   int sw_1 = 0, sw_2 = 0, btn_1 = 0, btn_2 = 0,init = 0;
                 ^
../src/helloworld.c:32:7: warning: unused variable 'sw_1' [-Wunused-variable]
   int sw_1 = 0, sw_2 = 0, btn_1 = 0, btn_2 = 0,init = 0;
       ^
Finished building: ../src/helloworld.c
 
Building target: statemachine.elf
Invoking: ARM gcc linker
arm-xilinx-eabi-gcc -Wl,-T -Wl,../src/lscript.ld -L../../statemachine_bsp/ps7_cortexa9_0/lib -o "statemachine.elf"  ./src/helloworld.o ./src/platform.o   -Wl,--start-group,-lxil,-lgcc,-lc,--end-group
Finished building target: statemachine.elf
 
Invoking: ARM Print Size
arm-xilinx-eabi-size statemachine.elf  |tee "statemachine.elf.size"
   text	   data	    bss	    dec	    hex	filename
  22764	   1152	  22612	  46528	   b5c0	statemachine.elf
Finished building: statemachine.elf.size
 
11:22:08 **** Auto Build of configuration Debug for project statemachine ****
make all 
Building file: ../src/helloworld.c
Invoking: ARM gcc compiler
arm-xilinx-eabi-gcc -Wall -O0 -g3 -c -fmessage-length=0 -MT"src/helloworld.o" -I../../statemachine_bsp/ps7_cortexa9_0/include -MMD -MP -MF"src/helloworld.d" -MT"src/helloworld.d" -o "src/helloworld.o" "../src/helloworld.c"
../src/helloworld.c: In function 'statemachine':
../src/helloworld.c:32:38: warning: unused variable 'btn_2' [-Wunused-variable]
   int sw_1 = 0, sw_2 = 0, btn_1 = 0, btn_2 = 0,init = 0;
                                      ^
../src/helloworld.c:32:27: warning: unused variable 'btn_1' [-Wunused-variable]
   int sw_1 = 0, sw_2 = 0, btn_1 = 0, btn_2 = 0,init = 0;
                           ^
../src/helloworld.c:32:17: warning: unused variable 'sw_2' [-Wunused-variable]
   int sw_1 = 0, sw_2 = 0, btn_1 = 0, btn_2 = 0,init = 0;
                 ^
../src/helloworld.c:32:7: warning: unused variable 'sw_1' [-Wunused-variable]
   int sw_1 = 0, sw_2 = 0, btn_1 = 0, btn_2 = 0,init = 0;
       ^
../src/helloworld.c: In function 'gpio_initialize':
../src/helloworld.c:59:3: error: void value not ignored as it ought to be
   status |= XGpio_SetDataDirection(&gpio_button,1, 0xFFFFFFFF);
   ^
../src/helloworld.c:60:3: error: void value not ignored as it ought to be
   status |= XGpio_SetDataDirection(&gpio_switch,1, 0xFFFFFFFF);
   ^
../src/helloworld.c:61:3: error: void value not ignored as it ought to be
   status |= XGpio_SetDataDirection(&gpio_switch,1, 0x00000000);
   ^
make: *** [src/helloworld.o] Error 1
11:22:40 **** Auto Build of configuration Debug for project statemachine ****
make all 
Building file: ../src/helloworld.c
Invoking: ARM gcc compiler
arm-xilinx-eabi-gcc -Wall -O0 -g3 -c -fmessage-length=0 -MT"src/helloworld.o" -I../../statemachine_bsp/ps7_cortexa9_0/include -MMD -MP -MF"src/helloworld.d" -MT"src/helloworld.d" -o "src/helloworld.o" "../src/helloworld.c"
../src/helloworld.c: In function 'statemachine':
../src/helloworld.c:32:38: warning: unused variable 'btn_2' [-Wunused-variable]
   int sw_1 = 0, sw_2 = 0, btn_1 = 0, btn_2 = 0,init = 0;
                                      ^
../src/helloworld.c:32:27: warning: unused variable 'btn_1' [-Wunused-variable]
   int sw_1 = 0, sw_2 = 0, btn_1 = 0, btn_2 = 0,init = 0;
                           ^
../src/helloworld.c:32:17: warning: unused variable 'sw_2' [-Wunused-variable]
   int sw_1 = 0, sw_2 = 0, btn_1 = 0, btn_2 = 0,init = 0;
                 ^
../src/helloworld.c:32:7: warning: unused variable 'sw_1' [-Wunused-variable]
   int sw_1 = 0, sw_2 = 0, btn_1 = 0, btn_2 = 0,init = 0;
       ^
../src/helloworld.c: In function 'gpio_initialize':
../src/helloworld.c:60:3: error: void value not ignored as it ought to be
   status |= XGpio_SetDataDirection(&gpio_switch,1,0xFFFFFFFF);
   ^
../src/helloworld.c:61:3: error: void value not ignored as it ought to be
   status |= XGpio_SetDataDirection(&gpio_switch,1,0x00000000);
   ^
make: *** [src/helloworld.o] Error 1
11:22:46 **** Auto Build of configuration Debug for project statemachine ****
make all 
Building file: ../src/helloworld.c
Invoking: ARM gcc compiler
arm-xilinx-eabi-gcc -Wall -O0 -g3 -c -fmessage-length=0 -MT"src/helloworld.o" -I../../statemachine_bsp/ps7_cortexa9_0/include -MMD -MP -MF"src/helloworld.d" -MT"src/helloworld.d" -o "src/helloworld.o" "../src/helloworld.c"
../src/helloworld.c: In function 'statemachine':
../src/helloworld.c:32:38: warning: unused variable 'btn_2' [-Wunused-variable]
   int sw_1 = 0, sw_2 = 0, btn_1 = 0, btn_2 = 0,init = 0;
                                      ^
../src/helloworld.c:32:27: warning: unused variable 'btn_1' [-Wunused-variable]
   int sw_1 = 0, sw_2 = 0, btn_1 = 0, btn_2 = 0,init = 0;
                           ^
../src/helloworld.c:32:17: warning: unused variable 'sw_2' [-Wunused-variable]
   int sw_1 = 0, sw_2 = 0, btn_1 = 0, btn_2 = 0,init = 0;
                 ^
../src/helloworld.c:32:7: warning: unused variable 'sw_1' [-Wunused-variable]
   int sw_1 = 0, sw_2 = 0, btn_1 = 0, btn_2 = 0,init = 0;
       ^
Finished building: ../src/helloworld.c
 
Building target: statemachine.elf
Invoking: ARM gcc linker
arm-xilinx-eabi-gcc -Wl,-T -Wl,../src/lscript.ld -L../../statemachine_bsp/ps7_cortexa9_0/lib -o "statemachine.elf"  ./src/helloworld.o ./src/platform.o   -Wl,--start-group,-lxil,-lgcc,-lc,--end-group
Finished building target: statemachine.elf
 
Invoking: ARM Print Size
arm-xilinx-eabi-size statemachine.elf  |tee "statemachine.elf.size"
   text	   data	    bss	    dec	    hex	filename
  24100	   1200	  22628	  47928	   bb38	statemachine.elf
Finished building: statemachine.elf.size
 
11:27:47 **** Auto Build of configuration Debug for project statemachine ****
make all 
Building file: ../src/helloworld.c
Invoking: ARM gcc compiler
arm-xilinx-eabi-gcc -Wall -O0 -g3 -c -fmessage-length=0 -MT"src/helloworld.o" -I../../statemachine_bsp/ps7_cortexa9_0/include -MMD -MP -MF"src/helloworld.d" -MT"src/helloworld.d" -o "src/helloworld.o" "../src/helloworld.c"
../src/helloworld.c: In function 'statemachine':
../src/helloworld.c:42:8: error: a label can only be part of a statement and a declaration is not a statement
        u32 button_state = XGpio_DiscreteRead(&gpio_button,1);
        ^
../src/helloworld.c:43:8: error: expected expression before 'u32'
        u32 switch_state = XGpio_DiscreteRead(&gpio_switch,1);
        ^
../src/helloworld.c:42:12: warning: unused variable 'button_state' [-Wunused-variable]
        u32 button_state = XGpio_DiscreteRead(&gpio_button,1);
            ^
../src/helloworld.c:32:38: warning: unused variable 'btn_2' [-Wunused-variable]
   int sw_1 = 0, sw_2 = 0, btn_1 = 0, btn_2 = 0,init = 0;
                                      ^
../src/helloworld.c:32:27: warning: unused variable 'btn_1' [-Wunused-variable]
   int sw_1 = 0, sw_2 = 0, btn_1 = 0, btn_2 = 0,init = 0;
                           ^
../src/helloworld.c:32:17: warning: unused variable 'sw_2' [-Wunused-variable]
   int sw_1 = 0, sw_2 = 0, btn_1 = 0, btn_2 = 0,init = 0;
                 ^
../src/helloworld.c:32:7: warning: unused variable 'sw_1' [-Wunused-variable]
   int sw_1 = 0, sw_2 = 0, btn_1 = 0, btn_2 = 0,init = 0;
       ^
make: *** [src/helloworld.o] Error 1
11:27:49 **** Auto Build of configuration Debug for project statemachine ****
make all 
Building file: ../src/helloworld.c
Invoking: ARM gcc compiler
arm-xilinx-eabi-gcc -Wall -O0 -g3 -c -fmessage-length=0 -MT"src/helloworld.o" -I../../statemachine_bsp/ps7_cortexa9_0/include -MMD -MP -MF"src/helloworld.d" -MT"src/helloworld.d" -o "src/helloworld.o" "../src/helloworld.c"
../src/helloworld.c: In function 'statemachine':
../src/helloworld.c:42:8: error: a label can only be part of a statement and a declaration is not a statement
        u32 button_state = XGpio_DiscreteRead(&gpio_button,1);
        ^
../src/helloworld.c:43:8: error: expected expression before 'u32'
        u32 switch_state = XGpio_DiscreteRead(&gpio_switch,1);
        ^
../src/helloworld.c:42:12: warning: unused variable 'button_state' [-Wunused-variable]
        u32 button_state = XGpio_DiscreteRead(&gpio_button,1);
            ^
../src/helloworld.c:32:38: warning: unused variable 'btn_2' [-Wunused-variable]
   int sw_1 = 0, sw_2 = 0, btn_1 = 0, btn_2 = 0,init = 0;
                                      ^
../src/helloworld.c:32:27: warning: unused variable 'btn_1' [-Wunused-variable]
   int sw_1 = 0, sw_2 = 0, btn_1 = 0, btn_2 = 0,init = 0;
                           ^
../src/helloworld.c:32:17: warning: unused variable 'sw_2' [-Wunused-variable]
   int sw_1 = 0, sw_2 = 0, btn_1 = 0, btn_2 = 0,init = 0;
                 ^
../src/helloworld.c:32:7: warning: unused variable 'sw_1' [-Wunused-variable]
   int sw_1 = 0, sw_2 = 0, btn_1 = 0, btn_2 = 0,init = 0;
       ^
make: *** [src/helloworld.o] Error 1
11:28:39 **** Auto Build of configuration Debug for project statemachine ****
make all 
Building file: ../src/helloworld.c
Invoking: ARM gcc compiler
arm-xilinx-eabi-gcc -Wall -O0 -g3 -c -fmessage-length=0 -MT"src/helloworld.o" -I../../statemachine_bsp/ps7_cortexa9_0/include -MMD -MP -MF"src/helloworld.d" -MT"src/helloworld.d" -o "src/helloworld.o" "../src/helloworld.c"
../src/helloworld.c: In function 'statemachine':
../src/helloworld.c:42:8: error: a label can only be part of a statement and a declaration is not a statement
        s
        ^
../src/helloworld.c:42:8: error: unknown type name 's'
../src/helloworld.c:43:12: error: expected '=', ',', ';', 'asm' or '__attribute__' before 'button_state'
        u32 button_state = XGpio_DiscreteRead(&gpio_button,1);
            ^
../src/helloworld.c:44:8: error: expected expression before 'u32'
        u32 switch_state = XGpio_DiscreteRead(&gpio_switch,1);
        ^
../src/helloworld.c:32:38: warning: unused variable 'btn_2' [-Wunused-variable]
   int sw_1 = 0, sw_2 = 0, btn_1 = 0, btn_2 = 0,init = 0;
                                      ^
../src/helloworld.c:32:27: warning: unused variable 'btn_1' [-Wunused-variable]
   int sw_1 = 0, sw_2 = 0, btn_1 = 0, btn_2 = 0,init = 0;
                           ^
../src/helloworld.c:32:17: warning: unused variable 'sw_2' [-Wunused-variable]
   int sw_1 = 0, sw_2 = 0, btn_1 = 0, btn_2 = 0,init = 0;
                 ^
../src/helloworld.c:32:7: warning: unused variable 'sw_1' [-Wunused-variable]
   int sw_1 = 0, sw_2 = 0, btn_1 = 0, btn_2 = 0,init = 0;
       ^
make: *** [src/helloworld.o] Error 1
11:28:41 **** Auto Build of configuration Debug for project statemachine ****
make all 
Building file: ../src/helloworld.c
Invoking: ARM gcc compiler
arm-xilinx-eabi-gcc -Wall -O0 -g3 -c -fmessage-length=0 -MT"src/helloworld.o" -I../../statemachine_bsp/ps7_cortexa9_0/include -MMD -MP -MF"src/helloworld.d" -MT"src/helloworld.d" -o "src/helloworld.o" "../src/helloworld.c"
../src/helloworld.c: In function 'statemachine':
../src/helloworld.c:43:8: error: a label can only be part of a statement and a declaration is not a statement
        u32 button_state = XGpio_DiscreteRead(&gpio_button,1);
        ^
../src/helloworld.c:44:8: error: expected expression before 'u32'
        u32 switch_state = XGpio_DiscreteRead(&gpio_switch,1);
        ^
../src/helloworld.c:43:12: warning: unused variable 'button_state' [-Wunused-variable]
        u32 button_state = XGpio_DiscreteRead(&gpio_button,1);
            ^
../src/helloworld.c:32:38: warning: unused variable 'btn_2' [-Wunused-variable]
   int sw_1 = 0, sw_2 = 0, btn_1 = 0, btn_2 = 0,init = 0;
                                      ^
../src/helloworld.c:32:27: warning: unused variable 'btn_1' [-Wunused-variable]
   int sw_1 = 0, sw_2 = 0, btn_1 = 0, btn_2 = 0,init = 0;
                           ^
../src/helloworld.c:32:17: warning: unused variable 'sw_2' [-Wunused-variable]
   int sw_1 = 0, sw_2 = 0, btn_1 = 0, btn_2 = 0,init = 0;
                 ^
../src/helloworld.c:32:7: warning: unused variable 'sw_1' [-Wunused-variable]
   int sw_1 = 0, sw_2 = 0, btn_1 = 0, btn_2 = 0,init = 0;
       ^
make: *** [src/helloworld.o] Error 1
11:28:48 **** Auto Build of configuration Debug for project statemachine ****
make all 
Building file: ../src/helloworld.c
Invoking: ARM gcc compiler
arm-xilinx-eabi-gcc -Wall -O0 -g3 -c -fmessage-length=0 -MT"src/helloworld.o" -I../../statemachine_bsp/ps7_cortexa9_0/include -MMD -MP -MF"src/helloworld.d" -MT"src/helloworld.d" -o "src/helloworld.o" "../src/helloworld.c"
../src/helloworld.c: In function 'statemachine':
../src/helloworld.c:42:8: error: a label can only be part of a statement and a declaration is not a statement
        int o = 0;
        ^
../src/helloworld.c:43:8: error: expected expression before 'u32'
        u32 button_state = XGpio_DiscreteRead(&gpio_button,1);
        ^
../src/helloworld.c:44:12: warning: unused variable 'switch_state' [-Wunused-variable]
        u32 switch_state = XGpio_DiscreteRead(&gpio_switch,1);
            ^
../src/helloworld.c:42:12: warning: unused variable 'o' [-Wunused-variable]
        int o = 0;
            ^
../src/helloworld.c:32:38: warning: unused variable 'btn_2' [-Wunused-variable]
   int sw_1 = 0, sw_2 = 0, btn_1 = 0, btn_2 = 0,init = 0;
                                      ^
../src/helloworld.c:32:27: warning: unused variable 'btn_1' [-Wunused-variable]
   int sw_1 = 0, sw_2 = 0, btn_1 = 0, btn_2 = 0,init = 0;
                           ^
../src/helloworld.c:32:17: warning: unused variable 'sw_2' [-Wunused-variable]
   int sw_1 = 0, sw_2 = 0, btn_1 = 0, btn_2 = 0,init = 0;
                 ^
../src/helloworld.c:32:7: warning: unused variable 'sw_1' [-Wunused-variable]
   int sw_1 = 0, sw_2 = 0, btn_1 = 0, btn_2 = 0,init = 0;
       ^
make: *** [src/helloworld.o] Error 1
11:28:57 **** Auto Build of configuration Debug for project statemachine ****
make all 
Building file: ../src/helloworld.c
Invoking: ARM gcc compiler
arm-xilinx-eabi-gcc -Wall -O0 -g3 -c -fmessage-length=0 -MT"src/helloworld.o" -I../../statemachine_bsp/ps7_cortexa9_0/include -MMD -MP -MF"src/helloworld.d" -MT"src/helloworld.d" -o "src/helloworld.o" "../src/helloworld.c"
../src/helloworld.c: In function 'statemachine':
../src/helloworld.c:42:8: error: a label can only be part of a statement and a declaration is not a statement
        u32 button_state = XGpio_DiscreteRead(&gpio_button,1);
        ^
../src/helloworld.c:43:8: error: expected expression before 'u32'
        u32 switch_state = XGpio_DiscreteRead(&gpio_switch,1);
        ^
../src/helloworld.c:42:12: warning: unused variable 'button_state' [-Wunused-variable]
        u32 button_state = XGpio_DiscreteRead(&gpio_button,1);
            ^
../src/helloworld.c:32:38: warning: unused variable 'btn_2' [-Wunused-variable]
   int sw_1 = 0, sw_2 = 0, btn_1 = 0, btn_2 = 0,init = 0;
                                      ^
../src/helloworld.c:32:27: warning: unused variable 'btn_1' [-Wunused-variable]
   int sw_1 = 0, sw_2 = 0, btn_1 = 0, btn_2 = 0,init = 0;
                           ^
../src/helloworld.c:32:17: warning: unused variable 'sw_2' [-Wunused-variable]
   int sw_1 = 0, sw_2 = 0, btn_1 = 0, btn_2 = 0,init = 0;
                 ^
../src/helloworld.c:32:7: warning: unused variable 'sw_1' [-Wunused-variable]
   int sw_1 = 0, sw_2 = 0, btn_1 = 0, btn_2 = 0,init = 0;
       ^
make: *** [src/helloworld.o] Error 1
11:28:59 **** Auto Build of configuration Debug for project statemachine ****
make all 
Building file: ../src/helloworld.c
Invoking: ARM gcc compiler
arm-xilinx-eabi-gcc -Wall -O0 -g3 -c -fmessage-length=0 -MT"src/helloworld.o" -I../../statemachine_bsp/ps7_cortexa9_0/include -MMD -MP -MF"src/helloworld.d" -MT"src/helloworld.d" -o "src/helloworld.o" "../src/helloworld.c"
../src/helloworld.c: In function 'statemachine':
../src/helloworld.c:44:8: error: a label can only be part of a statement and a declaration is not a statement
        u32 button_state = XGpio_DiscreteRead(&gpio_button,1);
        ^
../src/helloworld.c:45:8: error: expected expression before 'u32'
        u32 switch_state = XGpio_DiscreteRead(&gpio_switch,1);
        ^
../src/helloworld.c:44:12: warning: unused variable 'button_state' [-Wunused-variable]
        u32 button_state = XGpio_DiscreteRead(&gpio_button,1);
            ^
../src/helloworld.c:32:38: warning: unused variable 'btn_2' [-Wunused-variable]
   int sw_1 = 0, sw_2 = 0, btn_1 = 0, btn_2 = 0,init = 0;
                                      ^
../src/helloworld.c:32:27: warning: unused variable 'btn_1' [-Wunused-variable]
   int sw_1 = 0, sw_2 = 0, btn_1 = 0, btn_2 = 0,init = 0;
                           ^
../src/helloworld.c:32:17: warning: unused variable 'sw_2' [-Wunused-variable]
   int sw_1 = 0, sw_2 = 0, btn_1 = 0, btn_2 = 0,init = 0;
                 ^
../src/helloworld.c:32:7: warning: unused variable 'sw_1' [-Wunused-variable]
   int sw_1 = 0, sw_2 = 0, btn_1 = 0, btn_2 = 0,init = 0;
       ^
make: *** [src/helloworld.o] Error 1
11:29:04 **** Auto Build of configuration Debug for project statemachine ****
make all 
Building file: ../src/helloworld.c
Invoking: ARM gcc compiler
arm-xilinx-eabi-gcc -Wall -O0 -g3 -c -fmessage-length=0 -MT"src/helloworld.o" -I../../statemachine_bsp/ps7_cortexa9_0/include -MMD -MP -MF"src/helloworld.d" -MT"src/helloworld.d" -o "src/helloworld.o" "../src/helloworld.c"
../src/helloworld.c: In function 'statemachine':
../src/helloworld.c:42:8: error: a label can only be part of a statement and a declaration is not a statement
        u32 button_state = XGpio_DiscreteRead(&gpio_button,1);
        ^
../src/helloworld.c:43:8: error: expected expression before 'u32'
        u32 switch_state = XGpio_DiscreteRead(&gpio_switch,1);
        ^
../src/helloworld.c:42:12: warning: unused variable 'button_state' [-Wunused-variable]
        u32 button_state = XGpio_DiscreteRead(&gpio_button,1);
            ^
../src/helloworld.c:32:38: warning: unused variable 'btn_2' [-Wunused-variable]
   int sw_1 = 0, sw_2 = 0, btn_1 = 0, btn_2 = 0,init = 0;
                                      ^
../src/helloworld.c:32:27: warning: unused variable 'btn_1' [-Wunused-variable]
   int sw_1 = 0, sw_2 = 0, btn_1 = 0, btn_2 = 0,init = 0;
                           ^
../src/helloworld.c:32:17: warning: unused variable 'sw_2' [-Wunused-variable]
   int sw_1 = 0, sw_2 = 0, btn_1 = 0, btn_2 = 0,init = 0;
                 ^
../src/helloworld.c:32:7: warning: unused variable 'sw_1' [-Wunused-variable]
   int sw_1 = 0, sw_2 = 0, btn_1 = 0, btn_2 = 0,init = 0;
       ^
make: *** [src/helloworld.o] Error 1
11:29:16 **** Auto Build of configuration Debug for project statemachine ****
make all 
Building file: ../src/helloworld.c
Invoking: ARM gcc compiler
arm-xilinx-eabi-gcc -Wall -O0 -g3 -c -fmessage-length=0 -MT"src/helloworld.o" -I../../statemachine_bsp/ps7_cortexa9_0/include -MMD -MP -MF"src/helloworld.d" -MT"src/helloworld.d" -o "src/helloworld.o" "../src/helloworld.c"
../src/helloworld.c: In function 'statemachine':
../src/helloworld.c:42:6: error: a label can only be part of a statement and a declaration is not a statement
      u32 button_state = XGpio_DiscreteRead(&gpio_button,1);
      ^
../src/helloworld.c:43:6: error: expected expression before 'u32'
      u32 switch_state = XGpio_DiscreteRead(&gpio_switch,1);
      ^
../src/helloworld.c:42:10: warning: unused variable 'button_state' [-Wunused-variable]
      u32 button_state = XGpio_DiscreteRead(&gpio_button,1);
          ^
../src/helloworld.c:32:38: warning: unused variable 'btn_2' [-Wunused-variable]
   int sw_1 = 0, sw_2 = 0, btn_1 = 0, btn_2 = 0,init = 0;
                                      ^
../src/helloworld.c:32:27: warning: unused variable 'btn_1' [-Wunused-variable]
   int sw_1 = 0, sw_2 = 0, btn_1 = 0, btn_2 = 0,init = 0;
                           ^
../src/helloworld.c:32:17: warning: unused variable 'sw_2' [-Wunused-variable]
   int sw_1 = 0, sw_2 = 0, btn_1 = 0, btn_2 = 0,init = 0;
                 ^
../src/helloworld.c:32:7: warning: unused variable 'sw_1' [-Wunused-variable]
   int sw_1 = 0, sw_2 = 0, btn_1 = 0, btn_2 = 0,init = 0;
       ^
make: *** [src/helloworld.o] Error 1
11:29:35 **** Auto Build of configuration Debug for project statemachine ****
make all 
Building file: ../src/helloworld.c
Invoking: ARM gcc compiler
arm-xilinx-eabi-gcc -Wall -O0 -g3 -c -fmessage-length=0 -MT"src/helloworld.o" -I../../statemachine_bsp/ps7_cortexa9_0/include -MMD -MP -MF"src/helloworld.d" -MT"src/helloworld.d" -o "src/helloworld.o" "../src/helloworld.c"
../src/helloworld.c: In function 'statemachine':
../src/helloworld.c:42:6: error: a label can only be part of a statement and a declaration is not a statement
      u32 button_state = XGpio_DiscreteRead(&gpio_button,1);
      ^
../src/helloworld.c:43:6: error: expected expression before 'u32'
      u32 switch_state = XGpio_DiscreteRead(&gpio_switch,1);
      ^
../src/helloworld.c:42:10: warning: unused variable 'button_state' [-Wunused-variable]
      u32 button_state = XGpio_DiscreteRead(&gpio_button,1);
          ^
../src/helloworld.c:32:38: warning: unused variable 'btn_2' [-Wunused-variable]
   int sw_1 = 0, sw_2 = 0, btn_1 = 0, btn_2 = 0,init = 0;
                                      ^
../src/helloworld.c:32:27: warning: unused variable 'btn_1' [-Wunused-variable]
   int sw_1 = 0, sw_2 = 0, btn_1 = 0, btn_2 = 0,init = 0;
                           ^
../src/helloworld.c:32:17: warning: unused variable 'sw_2' [-Wunused-variable]
   int sw_1 = 0, sw_2 = 0, btn_1 = 0, btn_2 = 0,init = 0;
                 ^
../src/helloworld.c:32:7: warning: unused variable 'sw_1' [-Wunused-variable]
   int sw_1 = 0, sw_2 = 0, btn_1 = 0, btn_2 = 0,init = 0;
       ^
make: *** [src/helloworld.o] Error 1
11:29:44 **** Auto Build of configuration Debug for project statemachine ****
make all 
Building file: ../src/helloworld.c
Invoking: ARM gcc compiler
arm-xilinx-eabi-gcc -Wall -O0 -g3 -c -fmessage-length=0 -MT"src/helloworld.o" -I../../statemachine_bsp/ps7_cortexa9_0/include -MMD -MP -MF"src/helloworld.d" -MT"src/helloworld.d" -o "src/helloworld.o" "../src/helloworld.c"
../src/helloworld.c: In function 'statemachine':
../src/helloworld.c:41:23: error: a label can only be part of a statement and a declaration is not a statement
       case READ_GPIO: u32 button_state = XGpio_DiscreteRead(&gpio_button,1);
                       ^
../src/helloworld.c:42:6: error: expected expression before 'u32'
      u32 switch_state = XGpio_DiscreteRead(&gpio_switch,1);
      ^
../src/helloworld.c:41:27: warning: unused variable 'button_state' [-Wunused-variable]
       case READ_GPIO: u32 button_state = XGpio_DiscreteRead(&gpio_button,1);
                           ^
../src/helloworld.c:32:38: warning: unused variable 'btn_2' [-Wunused-variable]
   int sw_1 = 0, sw_2 = 0, btn_1 = 0, btn_2 = 0,init = 0;
                                      ^
../src/helloworld.c:32:27: warning: unused variable 'btn_1' [-Wunused-variable]
   int sw_1 = 0, sw_2 = 0, btn_1 = 0, btn_2 = 0,init = 0;
                           ^
../src/helloworld.c:32:17: warning: unused variable 'sw_2' [-Wunused-variable]
   int sw_1 = 0, sw_2 = 0, btn_1 = 0, btn_2 = 0,init = 0;
                 ^
../src/helloworld.c:32:7: warning: unused variable 'sw_1' [-Wunused-variable]
   int sw_1 = 0, sw_2 = 0, btn_1 = 0, btn_2 = 0,init = 0;
       ^
make: *** [src/helloworld.o] Error 1
11:29:52 **** Auto Build of configuration Debug for project statemachine ****
make all 
Building file: ../src/helloworld.c
Invoking: ARM gcc compiler
arm-xilinx-eabi-gcc -Wall -O0 -g3 -c -fmessage-length=0 -MT"src/helloworld.o" -I../../statemachine_bsp/ps7_cortexa9_0/include -MMD -MP -MF"src/helloworld.d" -MT"src/helloworld.d" -o "src/helloworld.o" "../src/helloworld.c"
../src/helloworld.c: In function 'statemachine':
../src/helloworld.c:41:23: error: a label can only be part of a statement and a declaration is not a statement
       case READ_GPIO: int button_state = XGpio_DiscreteRead(&gpio_button,1);
                       ^
../src/helloworld.c:42:6: error: expected expression before 'u32'
      u32 switch_state = XGpio_DiscreteRead(&gpio_switch,1);
      ^
../src/helloworld.c:41:27: warning: unused variable 'button_state' [-Wunused-variable]
       case READ_GPIO: int button_state = XGpio_DiscreteRead(&gpio_button,1);
                           ^
../src/helloworld.c:32:38: warning: unused variable 'btn_2' [-Wunused-variable]
   int sw_1 = 0, sw_2 = 0, btn_1 = 0, btn_2 = 0,init = 0;
                                      ^
../src/helloworld.c:32:27: warning: unused variable 'btn_1' [-Wunused-variable]
   int sw_1 = 0, sw_2 = 0, btn_1 = 0, btn_2 = 0,init = 0;
                           ^
../src/helloworld.c:32:17: warning: unused variable 'sw_2' [-Wunused-variable]
   int sw_1 = 0, sw_2 = 0, btn_1 = 0, btn_2 = 0,init = 0;
                 ^
../src/helloworld.c:32:7: warning: unused variable 'sw_1' [-Wunused-variable]
   int sw_1 = 0, sw_2 = 0, btn_1 = 0, btn_2 = 0,init = 0;
       ^
make: *** [src/helloworld.o] Error 1
11:29:59 **** Auto Build of configuration Debug for project statemachine ****
make all 
Building file: ../src/helloworld.c
Invoking: ARM gcc compiler
arm-xilinx-eabi-gcc -Wall -O0 -g3 -c -fmessage-length=0 -MT"src/helloworld.o" -I../../statemachine_bsp/ps7_cortexa9_0/include -MMD -MP -MF"src/helloworld.d" -MT"src/helloworld.d" -o "src/helloworld.o" "../src/helloworld.c"
../src/helloworld.c: In function 'statemachine':
../src/helloworld.c:41:23: error: a label can only be part of a statement and a declaration is not a statement
       case READ_GPIO: int button_state = XGpio_DiscreteRead(&gpio_button,1);
                       ^
../src/helloworld.c:42:6: error: expected expression before 'u32'
      u32 switch_state = XGpio_DiscreteRead(&gpio_switch,1);
      ^
../src/helloworld.c:41:27: warning: unused variable 'button_state' [-Wunused-variable]
       case READ_GPIO: int button_state = XGpio_DiscreteRead(&gpio_button,1);
                           ^
../src/helloworld.c:32:38: warning: unused variable 'btn_2' [-Wunused-variable]
   int sw_1 = 0, sw_2 = 0, btn_1 = 0, btn_2 = 0,init = 0;
                                      ^
../src/helloworld.c:32:27: warning: unused variable 'btn_1' [-Wunused-variable]
   int sw_1 = 0, sw_2 = 0, btn_1 = 0, btn_2 = 0,init = 0;
                           ^
../src/helloworld.c:32:17: warning: unused variable 'sw_2' [-Wunused-variable]
   int sw_1 = 0, sw_2 = 0, btn_1 = 0, btn_2 = 0,init = 0;
                 ^
../src/helloworld.c:32:7: warning: unused variable 'sw_1' [-Wunused-variable]
   int sw_1 = 0, sw_2 = 0, btn_1 = 0, btn_2 = 0,init = 0;
       ^
make: *** [src/helloworld.o] Error 1
11:30:53 **** Auto Build of configuration Debug for project statemachine ****
make all 
Building file: ../src/helloworld.c
Invoking: ARM gcc compiler
arm-xilinx-eabi-gcc -Wall -O0 -g3 -c -fmessage-length=0 -MT"src/helloworld.o" -I../../statemachine_bsp/ps7_cortexa9_0/include -MMD -MP -MF"src/helloworld.d" -MT"src/helloworld.d" -o "src/helloworld.o" "../src/helloworld.c"
../src/helloworld.c: In function 'statemachine':
../src/helloworld.c:43:10: warning: unused variable 'switch_state' [-Wunused-variable]
      u32 switch_state = XGpio_DiscreteRead(&gpio_switch,1);
          ^
../src/helloworld.c:42:11: warning: unused variable 'button_state' [-Wunused-variable]
       int button_state = XGpio_DiscreteRead(&gpio_button,1);
           ^
../src/helloworld.c:32:38: warning: unused variable 'btn_2' [-Wunused-variable]
   int sw_1 = 0, sw_2 = 0, btn_1 = 0, btn_2 = 0,init = 0;
                                      ^
../src/helloworld.c:32:27: warning: unused variable 'btn_1' [-Wunused-variable]
   int sw_1 = 0, sw_2 = 0, btn_1 = 0, btn_2 = 0,init = 0;
                           ^
../src/helloworld.c:32:17: warning: unused variable 'sw_2' [-Wunused-variable]
   int sw_1 = 0, sw_2 = 0, btn_1 = 0, btn_2 = 0,init = 0;
                 ^
../src/helloworld.c:32:7: warning: unused variable 'sw_1' [-Wunused-variable]
   int sw_1 = 0, sw_2 = 0, btn_1 = 0, btn_2 = 0,init = 0;
       ^
Finished building: ../src/helloworld.c
 
Building target: statemachine.elf
Invoking: ARM gcc linker
arm-xilinx-eabi-gcc -Wl,-T -Wl,../src/lscript.ld -L../../statemachine_bsp/ps7_cortexa9_0/lib -o "statemachine.elf"  ./src/helloworld.o ./src/platform.o   -Wl,--start-group,-lxil,-lgcc,-lc,--end-group
Finished building target: statemachine.elf
 
Invoking: ARM Print Size
arm-xilinx-eabi-size statemachine.elf  |tee "statemachine.elf.size"
   text	   data	    bss	    dec	    hex	filename
  24148	   1200	  22628	  47976	   bb68	statemachine.elf
Finished building: statemachine.elf.size
 
11:35:28 **** Auto Build of configuration Debug for project statemachine ****
make all 
Building file: ../src/helloworld.c
Invoking: ARM gcc compiler
arm-xilinx-eabi-gcc -Wall -O0 -g3 -c -fmessage-length=0 -MT"src/helloworld.o" -I../../statemachine_bsp/ps7_cortexa9_0/include -MMD -MP -MF"src/helloworld.d" -MT"src/helloworld.d" -o "src/helloworld.o" "../src/helloworld.c"
../src/helloworld.c: In function 'statemachine':
../src/helloworld.c:32:38: warning: variable 'btn_2' set but not used [-Wunused-but-set-variable]
   int sw_1 = 0, sw_2 = 0, btn_1 = 0, btn_2 = 0,init = 0;
                                      ^
../src/helloworld.c:32:27: warning: variable 'btn_1' set but not used [-Wunused-but-set-variable]
   int sw_1 = 0, sw_2 = 0, btn_1 = 0, btn_2 = 0,init = 0;
                           ^
../src/helloworld.c:32:17: warning: variable 'sw_2' set but not used [-Wunused-but-set-variable]
   int sw_1 = 0, sw_2 = 0, btn_1 = 0, btn_2 = 0,init = 0;
                 ^
../src/helloworld.c:32:7: warning: variable 'sw_1' set but not used [-Wunused-but-set-variable]
   int sw_1 = 0, sw_2 = 0, btn_1 = 0, btn_2 = 0,init = 0;
       ^
Finished building: ../src/helloworld.c
 
Building target: statemachine.elf
Invoking: ARM gcc linker
arm-xilinx-eabi-gcc -Wl,-T -Wl,../src/lscript.ld -L../../statemachine_bsp/ps7_cortexa9_0/lib -o "statemachine.elf"  ./src/helloworld.o ./src/platform.o   -Wl,--start-group,-lxil,-lgcc,-lc,--end-group
Finished building target: statemachine.elf
 
Invoking: ARM Print Size
arm-xilinx-eabi-size statemachine.elf  |tee "statemachine.elf.size"
   text	   data	    bss	    dec	    hex	filename
  24192	   1200	  22628	  48020	   bb94	statemachine.elf
Finished building: statemachine.elf.size
 
11:39:43 **** Auto Build of configuration Debug for project statemachine ****
make all 
Building file: ../src/helloworld.c
Invoking: ARM gcc compiler
arm-xilinx-eabi-gcc -Wall -O0 -g3 -c -fmessage-length=0 -MT"src/helloworld.o" -I../../statemachine_bsp/ps7_cortexa9_0/include -MMD -MP -MF"src/helloworld.d" -MT"src/helloworld.d" -o "src/helloworld.o" "../src/helloworld.c"
../src/helloworld.c: In function 'statemachine':
../src/helloworld.c:50:8: error: a label can only be part of a statement and a declaration is not a statement
        int move_p1_up = -1;
        ^
../src/helloworld.c:51:8: error: expected expression before 'int'
        int move_p2_up = -1;
        ^
../src/helloworld.c:60:7: error: 'move_p2_up' undeclared (first use in this function)
       move_p2_up = 0;
       ^
../src/helloworld.c:60:7: note: each undeclared identifier is reported only once for each function it appears in
../src/helloworld.c:50:12: warning: variable 'move_p1_up' set but not used [-Wunused-but-set-variable]
        int move_p1_up = -1;
            ^
../src/helloworld.c:66:7: error: case label not within a switch statement
       case CALCULATE: break; //TODO calculate the ball movement and update the score if there is a score, then update the memory map.
       ^
../src/helloworld.c:67:7: error: case label not within a switch statement
       case UPDATE_SCREEN: break; //TODO tell screen that an the cycle is done. This may not be needed
       ^
../src/helloworld.c: At top level:
../src/helloworld.c:70:1: error: expected identifier or '(' before '}' token
 }
 ^
make: *** [src/helloworld.o] Error 1
11:39:48 **** Auto Build of configuration Debug for project statemachine ****
make all 
Building file: ../src/helloworld.c
Invoking: ARM gcc compiler
arm-xilinx-eabi-gcc -Wall -O0 -g3 -c -fmessage-length=0 -MT"src/helloworld.o" -I../../statemachine_bsp/ps7_cortexa9_0/include -MMD -MP -MF"src/helloworld.d" -MT"src/helloworld.d" -o "src/helloworld.o" "../src/helloworld.c"
../src/helloworld.c: In function 'statemachine':
../src/helloworld.c:51:12: warning: variable 'move_p2_up' set but not used [-Wunused-but-set-variable]
        int move_p2_up = -1;
            ^
../src/helloworld.c:50:12: warning: variable 'move_p1_up' set but not used [-Wunused-but-set-variable]
        int move_p1_up = -1;
            ^
../src/helloworld.c:66:7: error: case label not within a switch statement
       case CALCULATE: break; //TODO calculate the ball movement and update the score if there is a score, then update the memory map.
       ^
../src/helloworld.c:67:7: error: case label not within a switch statement
       case UPDATE_SCREEN: break; //TODO tell screen that an the cycle is done. This may not be needed
       ^
../src/helloworld.c: At top level:
../src/helloworld.c:70:1: error: expected identifier or '(' before '}' token
 }
 ^
make: *** [src/helloworld.o] Error 1
11:40:15 **** Auto Build of configuration Debug for project statemachine ****
make all 
Building file: ../src/helloworld.c
Invoking: ARM gcc compiler
arm-xilinx-eabi-gcc -Wall -O0 -g3 -c -fmessage-length=0 -MT"src/helloworld.o" -I../../statemachine_bsp/ps7_cortexa9_0/include -MMD -MP -MF"src/helloworld.d" -MT"src/helloworld.d" -o "src/helloworld.o" "../src/helloworld.c"
../src/helloworld.c: In function 'statemachine':
../src/helloworld.c:51:12: warning: variable 'move_p2_up' set but not used [-Wunused-but-set-variable]
        int move_p2_up = -1;
            ^
../src/helloworld.c:50:12: warning: variable 'move_p1_up' set but not used [-Wunused-but-set-variable]
        int move_p1_up = -1;
            ^
Finished building: ../src/helloworld.c
 
Building target: statemachine.elf
Invoking: ARM gcc linker
arm-xilinx-eabi-gcc -Wl,-T -Wl,../src/lscript.ld -L../../statemachine_bsp/ps7_cortexa9_0/lib -o "statemachine.elf"  ./src/helloworld.o ./src/platform.o   -Wl,--start-group,-lxil,-lgcc,-lc,--end-group
Finished building target: statemachine.elf
 
Invoking: ARM Print Size
arm-xilinx-eabi-size statemachine.elf  |tee "statemachine.elf.size"
   text	   data	    bss	    dec	    hex	filename
  24320	   1200	  22628	  48148	   bc14	statemachine.elf
Finished building: statemachine.elf.size
 
11:40:17 **** Auto Build of configuration Debug for project statemachine ****
make all 
Building file: ../src/helloworld.c
Invoking: ARM gcc compiler
arm-xilinx-eabi-gcc -Wall -O0 -g3 -c -fmessage-length=0 -MT"src/helloworld.o" -I../../statemachine_bsp/ps7_cortexa9_0/include -MMD -MP -MF"src/helloworld.d" -MT"src/helloworld.d" -o "src/helloworld.o" "../src/helloworld.c"
../src/helloworld.c: In function 'statemachine':
../src/helloworld.c:51:12: warning: variable 'move_p2_up' set but not used [-Wunused-but-set-variable]
        int move_p2_up = -1;
            ^
../src/helloworld.c:50:12: warning: variable 'move_p1_up' set but not used [-Wunused-but-set-variable]
        int move_p1_up = -1;
            ^
Finished building: ../src/helloworld.c
 
Building target: statemachine.elf
Invoking: ARM gcc linker
arm-xilinx-eabi-gcc -Wl,-T -Wl,../src/lscript.ld -L../../statemachine_bsp/ps7_cortexa9_0/lib -o "statemachine.elf"  ./src/helloworld.o ./src/platform.o   -Wl,--start-group,-lxil,-lgcc,-lc,--end-group
Finished building target: statemachine.elf
 
Invoking: ARM Print Size
arm-xilinx-eabi-size statemachine.elf  |tee "statemachine.elf.size"
   text	   data	    bss	    dec	    hex	filename
  24320	   1200	  22628	  48148	   bc14	statemachine.elf
Finished building: statemachine.elf.size
 
11:41:09 **** Auto Build of configuration Debug for project statemachine ****
make all 
Building file: ../src/helloworld.c
Invoking: ARM gcc compiler
arm-xilinx-eabi-gcc -Wall -O0 -g3 -c -fmessage-length=0 -MT"src/helloworld.o" -I../../statemachine_bsp/ps7_cortexa9_0/include -MMD -MP -MF"src/helloworld.d" -MT"src/helloworld.d" -o "src/helloworld.o" "../src/helloworld.c"
../src/helloworld.c: In function 'statemachine':
../src/helloworld.c:52:12: warning: variable 'move_p2_up' set but not used [-Wunused-but-set-variable]
        int move_p2_up = -1;
            ^
../src/helloworld.c:51:12: warning: variable 'move_p1_up' set but not used [-Wunused-but-set-variable]
        int move_p1_up = -1;
            ^
../src/helloworld.c:33:25: warning: unused variable 'paddle_2_pos' [-Wunused-variable]
   int paddle_1_pos = 0, paddle_2_pos = 0;
                         ^
../src/helloworld.c:33:7: warning: unused variable 'paddle_1_pos' [-Wunused-variable]
   int paddle_1_pos = 0, paddle_2_pos = 0;
       ^
Finished building: ../src/helloworld.c
 
Building target: statemachine.elf
Invoking: ARM gcc linker
arm-xilinx-eabi-gcc -Wl,-T -Wl,../src/lscript.ld -L../../statemachine_bsp/ps7_cortexa9_0/lib -o "statemachine.elf"  ./src/helloworld.o ./src/platform.o   -Wl,--start-group,-lxil,-lgcc,-lc,--end-group
Finished building target: statemachine.elf
 
Invoking: ARM Print Size
arm-xilinx-eabi-size statemachine.elf  |tee "statemachine.elf.size"
   text	   data	    bss	    dec	    hex	filename
  24336	   1200	  22628	  48164	   bc24	statemachine.elf
Finished building: statemachine.elf.size
 
11:42:01 **** Auto Build of configuration Debug for project statemachine ****
make all 
Building file: ../src/helloworld.c
Invoking: ARM gcc compiler
arm-xilinx-eabi-gcc -Wall -O0 -g3 -c -fmessage-length=0 -MT"src/helloworld.o" -I../../statemachine_bsp/ps7_cortexa9_0/include -MMD -MP -MF"src/helloworld.d" -MT"src/helloworld.d" -o "src/helloworld.o" "../src/helloworld.c"
../src/helloworld.c: In function 'statemachine':
../src/helloworld.c:68:8: error: expected expression before 'break'
        break; // TODO generate a movement and update the memory map with the paddle move
        ^
../src/helloworld.c:54:12: warning: variable 'move_p2_up' set but not used [-Wunused-but-set-variable]
        int move_p2_up = -1;
            ^
../src/helloworld.c:53:12: warning: variable 'move_p1_up' set but not used [-Wunused-but-set-variable]
        int move_p1_up = -1;
            ^
../src/helloworld.c:35:25: warning: unused variable 'paddle_2_pos' [-Wunused-variable]
   int paddle_1_pos = 0, paddle_2_pos = 0;
                         ^
../src/helloworld.c:35:7: warning: variable 'paddle_1_pos' set but not used [-Wunused-but-set-variable]
   int paddle_1_pos = 0, paddle_2_pos = 0;
       ^
make: *** [src/helloworld.o] Error 1
11:42:42 **** Auto Build of configuration Debug for project statemachine ****
make all 
Building file: ../src/helloworld.c
Invoking: ARM gcc compiler
arm-xilinx-eabi-gcc -Wall -O0 -g3 -c -fmessage-length=0 -MT"src/helloworld.o" -I../../statemachine_bsp/ps7_cortexa9_0/include -MMD -MP -MF"src/helloworld.d" -MT"src/helloworld.d" -o "src/helloworld.o" "../src/helloworld.c"
../src/helloworld.c: In function 'statemachine':
../src/helloworld.c:67:43: error: 'move_' undeclared (first use in this function)
        paddle_1_pos += PADDLE_SPEED_SCALE*move_
                                           ^
../src/helloworld.c:67:43: note: each undeclared identifier is reported only once for each function it appears in
../src/helloworld.c:68:8: error: expected ';' before 'break'
        break; // TODO generate a movement and update the memory map with the paddle move
        ^
../src/helloworld.c:54:12: warning: variable 'move_p2_up' set but not used [-Wunused-but-set-variable]
        int move_p2_up = 0;
            ^
../src/helloworld.c:53:12: warning: variable 'move_p1_up' set but not used [-Wunused-but-set-variable]
        int move_p1_up = 0;
            ^
../src/helloworld.c:35:25: warning: unused variable 'paddle_2_pos' [-Wunused-variable]
   int paddle_1_pos = 0, paddle_2_pos = 0;
                         ^
../src/helloworld.c:35:7: warning: variable 'paddle_1_pos' set but not used [-Wunused-but-set-variable]
   int paddle_1_pos = 0, paddle_2_pos = 0;
       ^
make: *** [src/helloworld.o] Error 1
11:42:49 **** Auto Build of configuration Debug for project statemachine ****
make all 
Building file: ../src/helloworld.c
Invoking: ARM gcc compiler
arm-xilinx-eabi-gcc -Wall -O0 -g3 -c -fmessage-length=0 -MT"src/helloworld.o" -I../../statemachine_bsp/ps7_cortexa9_0/include -MMD -MP -MF"src/helloworld.d" -MT"src/helloworld.d" -o "src/helloworld.o" "../src/helloworld.c"
../src/helloworld.c: In function 'statemachine':
../src/helloworld.c:54:12: warning: variable 'move_p2_up' set but not used [-Wunused-but-set-variable]
        int move_p2_up = 0;
            ^
../src/helloworld.c:35:25: warning: unused variable 'paddle_2_pos' [-Wunused-variable]
   int paddle_1_pos = 0, paddle_2_pos = 0;
                         ^
Finished building: ../src/helloworld.c
 
Building target: statemachine.elf
Invoking: ARM gcc linker
arm-xilinx-eabi-gcc -Wl,-T -Wl,../src/lscript.ld -L../../statemachine_bsp/ps7_cortexa9_0/lib -o "statemachine.elf"  ./src/helloworld.o ./src/platform.o   -Wl,--start-group,-lxil,-lgcc,-lc,--end-group
Finished building target: statemachine.elf
 
Invoking: ARM Print Size
arm-xilinx-eabi-size statemachine.elf  |tee "statemachine.elf.size"
   text	   data	    bss	    dec	    hex	filename
  24348	   1200	  22628	  48176	   bc30	statemachine.elf
Finished building: statemachine.elf.size
 
11:42:57 **** Auto Build of configuration Debug for project statemachine ****
make all 
Building file: ../src/helloworld.c
Invoking: ARM gcc compiler
arm-xilinx-eabi-gcc -Wall -O0 -g3 -c -fmessage-length=0 -MT"src/helloworld.o" -I../../statemachine_bsp/ps7_cortexa9_0/include -MMD -MP -MF"src/helloworld.d" -MT"src/helloworld.d" -o "src/helloworld.o" "../src/helloworld.c"
Finished building: ../src/helloworld.c
 
Building target: statemachine.elf
Invoking: ARM gcc linker
arm-xilinx-eabi-gcc -Wl,-T -Wl,../src/lscript.ld -L../../statemachine_bsp/ps7_cortexa9_0/lib -o "statemachine.elf"  ./src/helloworld.o ./src/platform.o   -Wl,--start-group,-lxil,-lgcc,-lc,--end-group
Finished building target: statemachine.elf
 
Invoking: ARM Print Size
arm-xilinx-eabi-size statemachine.elf  |tee "statemachine.elf.size"
   text	   data	    bss	    dec	    hex	filename
  24364	   1200	  22628	  48192	   bc40	statemachine.elf
Finished building: statemachine.elf.size
 
09:10:27 **** Auto Build of configuration Debug for project statemachine ****
make all 
Building file: ../src/helloworld.c
Invoking: ARM gcc compiler
arm-xilinx-eabi-gcc -Wall -O0 -g3 -c -fmessage-length=0 -MT"src/helloworld.o" -I../../statemachine_bsp/ps7_cortexa9_0/include -MMD -MP -MF"src/helloworld.d" -MT"src/helloworld.d" -o "src/helloworld.o" "../src/helloworld.c"
Finished building: ../src/helloworld.c
 
Building target: statemachine.elf
Invoking: ARM gcc linker
arm-xilinx-eabi-gcc -Wl,-T -Wl,../src/lscript.ld -L../../statemachine_bsp/ps7_cortexa9_0/lib -o "statemachine.elf"  ./src/helloworld.o ./src/platform.o   -Wl,--start-group,-lxil,-lgcc,-lc,--end-group
Finished building target: statemachine.elf
 
Invoking: ARM Print Size
arm-xilinx-eabi-size statemachine.elf  |tee "statemachine.elf.size"
   text	   data	    bss	    dec	    hex	filename
  24364	   1200	  22628	  48192	   bc40	statemachine.elf
Finished building: statemachine.elf.size
 
10:33:26 **** Auto Build of configuration Debug for project statemachine ****
make all 
Building file: ../src/helloworld.c
Invoking: ARM gcc compiler
arm-xilinx-eabi-gcc -Wall -O0 -g3 -c -fmessage-length=0 -MT"src/helloworld.o" -I../../statemachine_bsp/ps7_cortexa9_0/include -MMD -MP -MF"src/helloworld.d" -MT"src/helloworld.d" -o "src/helloworld.o" "../src/helloworld.c"
../src/helloworld.c:3:20: fatal error: xgpio.h: No such file or directory
  #include "xgpio.h"
                    ^
compilation terminated.
make: *** [src/helloworld.o] Error 1
10:33:37 **** Auto Build of project statemachine_bsp ****
make -k all 
Running Make include in ps7_cortexa9_0/libsrc/coresightps_dcc_v1_2/src
make -C ps7_cortexa9_0/libsrc/coresightps_dcc_v1_2/src -s include  "SHELL=/bin/sh" "COMPILER=arm-xilinx-eabi-gcc" "ARCHIVER=arm-xilinx-eabi-ar" "COMPILER_FLAGS=  -O2 -c" "EXTRA_COMPILER_FLAGS=-g"
Running Make include in ps7_cortexa9_0/libsrc/cpu_cortexa9_v2_1/src
make -C ps7_cortexa9_0/libsrc/cpu_cortexa9_v2_1/src -s include  "SHELL=/bin/sh" "COMPILER=arm-xilinx-eabi-gcc" "ARCHIVER=arm-xilinx-eabi-ar" "COMPILER_FLAGS=  -O2 -c" "EXTRA_COMPILER_FLAGS=-g"
Running Make include in ps7_cortexa9_0/libsrc/ddrps_v1_0/src
make -C ps7_cortexa9_0/libsrc/ddrps_v1_0/src -s include  "SHELL=/bin/sh" "COMPILER=arm-xilinx-eabi-gcc" "ARCHIVER=arm-xilinx-eabi-ar" "COMPILER_FLAGS=  -O2 -c" "EXTRA_COMPILER_FLAGS=-g"
Running Make include in ps7_cortexa9_0/libsrc/devcfg_v3_3/src
make -C ps7_cortexa9_0/libsrc/devcfg_v3_3/src -s include  "SHELL=/bin/sh" "COMPILER=arm-xilinx-eabi-gcc" "ARCHIVER=arm-xilinx-eabi-ar" "COMPILER_FLAGS=  -O2 -c" "EXTRA_COMPILER_FLAGS=-g"
Running Make include in ps7_cortexa9_0/libsrc/dmaps_v2_1/src
make -C ps7_cortexa9_0/libsrc/dmaps_v2_1/src -s include  "SHELL=/bin/sh" "COMPILER=arm-xilinx-eabi-gcc" "ARCHIVER=arm-xilinx-eabi-ar" "COMPILER_FLAGS=  -O2 -c" "EXTRA_COMPILER_FLAGS=-g"
Running Make include in ps7_cortexa9_0/libsrc/emacps_v3_1/src
make -C ps7_cortexa9_0/libsrc/emacps_v3_1/src -s include  "SHELL=/bin/sh" "COMPILER=arm-xilinx-eabi-gcc" "ARCHIVER=arm-xilinx-eabi-ar" "COMPILER_FLAGS=  -O2 -c" "EXTRA_COMPILER_FLAGS=-g"
Running Make include in ps7_cortexa9_0/libsrc/gpiops_v3_1/src
make -C ps7_cortexa9_0/libsrc/gpiops_v3_1/src -s include  "SHELL=/bin/sh" "COMPILER=arm-xilinx-eabi-gcc" "ARCHIVER=arm-xilinx-eabi-ar" "COMPILER_FLAGS=  -O2 -c" "EXTRA_COMPILER_FLAGS=-g"
Running Make include in ps7_cortexa9_0/libsrc/gpio_v4_0/src
make -C ps7_cortexa9_0/libsrc/gpio_v4_0/src -s include  "SHELL=/bin/sh" "COMPILER=arm-xilinx-eabi-gcc" "ARCHIVER=arm-xilinx-eabi-ar" "COMPILER_FLAGS=  -O2 -c" "EXTRA_COMPILER_FLAGS=-g"
Running Make include in ps7_cortexa9_0/libsrc/qspips_v3_2/src
make -C ps7_cortexa9_0/libsrc/qspips_v3_2/src -s include  "SHELL=/bin/sh" "COMPILER=arm-xilinx-eabi-gcc" "ARCHIVER=arm-xilinx-eabi-ar" "COMPILER_FLAGS=  -O2 -c" "EXTRA_COMPILER_FLAGS=-g"
Running Make include in ps7_cortexa9_0/libsrc/scugic_v3_1/src
make -C ps7_cortexa9_0/libsrc/scugic_v3_1/src -s include  "SHELL=/bin/sh" "COMPILER=arm-xilinx-eabi-gcc" "ARCHIVER=arm-xilinx-eabi-ar" "COMPILER_FLAGS=  -O2 -c" "EXTRA_COMPILER_FLAGS=-g"
Running Make include in ps7_cortexa9_0/libsrc/scutimer_v2_1/src
make -C ps7_cortexa9_0/libsrc/scutimer_v2_1/src -s include  "SHELL=/bin/sh" "COMPILER=arm-xilinx-eabi-gcc" "ARCHIVER=arm-xilinx-eabi-ar" "COMPILER_FLAGS=  -O2 -c" "EXTRA_COMPILER_FLAGS=-g"
Running Make include in ps7_cortexa9_0/libsrc/scuwdt_v2_1/src
make -C ps7_cortexa9_0/libsrc/scuwdt_v2_1/src -s include  "SHELL=/bin/sh" "COMPILER=arm-xilinx-eabi-gcc" "ARCHIVER=arm-xilinx-eabi-ar" "COMPILER_FLAGS=  -O2 -c" "EXTRA_COMPILER_FLAGS=-g"
Running Make include in ps7_cortexa9_0/libsrc/sdps_v2_6/src
make -C ps7_cortexa9_0/libsrc/sdps_v2_6/src -s include  "SHELL=/bin/sh" "COMPILER=arm-xilinx-eabi-gcc" "ARCHIVER=arm-xilinx-eabi-ar" "COMPILER_FLAGS=  -O2 -c" "EXTRA_COMPILER_FLAGS=-g"
Running Make include in ps7_cortexa9_0/libsrc/standalone_v5_3/src
make -C ps7_cortexa9_0/libsrc/standalone_v5_3/src -s include  "SHELL=/bin/sh" "COMPILER=arm-xilinx-eabi-gcc" "ARCHIVER=arm-xilinx-eabi-ar" "COMPILER_FLAGS=  -O2 -c" "EXTRA_COMPILER_FLAGS=-g"
Running Make include in ps7_cortexa9_0/libsrc/ttcps_v3_0/src
make -C ps7_cortexa9_0/libsrc/ttcps_v3_0/src -s include  "SHELL=/bin/sh" "COMPILER=arm-xilinx-eabi-gcc" "ARCHIVER=arm-xilinx-eabi-ar" "COMPILER_FLAGS=  -O2 -c" "EXTRA_COMPILER_FLAGS=-g"
Running Make include in ps7_cortexa9_0/libsrc/uartps_v3_1/src
make -C ps7_cortexa9_0/libsrc/uartps_v3_1/src -s include  "SHELL=/bin/sh" "COMPILER=arm-xilinx-eabi-gcc" "ARCHIVER=arm-xilinx-eabi-ar" "COMPILER_FLAGS=  -O2 -c" "EXTRA_COMPILER_FLAGS=-g"
Running Make include in ps7_cortexa9_0/libsrc/usbps_v2_2/src
make -C ps7_cortexa9_0/libsrc/usbps_v2_2/src -s include  "SHELL=/bin/sh" "COMPILER=arm-xilinx-eabi-gcc" "ARCHIVER=arm-xilinx-eabi-ar" "COMPILER_FLAGS=  -O2 -c" "EXTRA_COMPILER_FLAGS=-g"
Running Make include in ps7_cortexa9_0/libsrc/xadcps_v2_2/src
make -C ps7_cortexa9_0/libsrc/xadcps_v2_2/src -s include  "SHELL=/bin/sh" "COMPILER=arm-xilinx-eabi-gcc" "ARCHIVER=arm-xilinx-eabi-ar" "COMPILER_FLAGS=  -O2 -c" "EXTRA_COMPILER_FLAGS=-g"
Running Make libs in ps7_cortexa9_0/libsrc/coresightps_dcc_v1_2/src
make -C ps7_cortexa9_0/libsrc/coresightps_dcc_v1_2/src -s libs  "SHELL=/bin/sh" "COMPILER=arm-xilinx-eabi-gcc" "ARCHIVER=arm-xilinx-eabi-ar" "COMPILER_FLAGS=  -O2 -c" "EXTRA_COMPILER_FLAGS=-g"
Compiling coresightps_dcc
arm-xilinx-eabi-ar: creating ../../../lib/libxil.a
Running Make libs in ps7_cortexa9_0/libsrc/cpu_cortexa9_v2_1/src
make -C ps7_cortexa9_0/libsrc/cpu_cortexa9_v2_1/src -s libs  "SHELL=/bin/sh" "COMPILER=arm-xilinx-eabi-gcc" "ARCHIVER=arm-xilinx-eabi-ar" "COMPILER_FLAGS=  -O2 -c" "EXTRA_COMPILER_FLAGS=-g"
Compiling cpu_cortexa9
Running Make libs in ps7_cortexa9_0/libsrc/ddrps_v1_0/src
make -C ps7_cortexa9_0/libsrc/ddrps_v1_0/src -s libs  "SHELL=/bin/sh" "COMPILER=arm-xilinx-eabi-gcc" "ARCHIVER=arm-xilinx-eabi-ar" "COMPILER_FLAGS=  -O2 -c" "EXTRA_COMPILER_FLAGS=-g"
Compiling ddrps
Running Make libs in ps7_cortexa9_0/libsrc/devcfg_v3_3/src
make -C ps7_cortexa9_0/libsrc/devcfg_v3_3/src -s libs  "SHELL=/bin/sh" "COMPILER=arm-xilinx-eabi-gcc" "ARCHIVER=arm-xilinx-eabi-ar" "COMPILER_FLAGS=  -O2 -c" "EXTRA_COMPILER_FLAGS=-g"
Compiling devcfg
Running Make libs in ps7_cortexa9_0/libsrc/dmaps_v2_1/src
make -C ps7_cortexa9_0/libsrc/dmaps_v2_1/src -s libs  "SHELL=/bin/sh" "COMPILER=arm-xilinx-eabi-gcc" "ARCHIVER=arm-xilinx-eabi-ar" "COMPILER_FLAGS=  -O2 -c" "EXTRA_COMPILER_FLAGS=-g"
Compiling dmaps
Running Make libs in ps7_cortexa9_0/libsrc/emacps_v3_1/src
make -C ps7_cortexa9_0/libsrc/emacps_v3_1/src -s libs  "SHELL=/bin/sh" "COMPILER=arm-xilinx-eabi-gcc" "ARCHIVER=arm-xilinx-eabi-ar" "COMPILER_FLAGS=  -O2 -c" "EXTRA_COMPILER_FLAGS=-g"
Compiling emacps
Running Make libs in ps7_cortexa9_0/libsrc/gpiops_v3_1/src
make -C ps7_cortexa9_0/libsrc/gpiops_v3_1/src -s libs  "SHELL=/bin/sh" "COMPILER=arm-xilinx-eabi-gcc" "ARCHIVER=arm-xilinx-eabi-ar" "COMPILER_FLAGS=  -O2 -c" "EXTRA_COMPILER_FLAGS=-g"
Compiling gpiops
Running Make libs in ps7_cortexa9_0/libsrc/gpio_v4_0/src
make -C ps7_cortexa9_0/libsrc/gpio_v4_0/src -s libs  "SHELL=/bin/sh" "COMPILER=arm-xilinx-eabi-gcc" "ARCHIVER=arm-xilinx-eabi-ar" "COMPILER_FLAGS=  -O2 -c" "EXTRA_COMPILER_FLAGS=-g"
Compiling gpio
Running Make libs in ps7_cortexa9_0/libsrc/qspips_v3_2/src
make -C ps7_cortexa9_0/libsrc/qspips_v3_2/src -s libs  "SHELL=/bin/sh" "COMPILER=arm-xilinx-eabi-gcc" "ARCHIVER=arm-xilinx-eabi-ar" "COMPILER_FLAGS=  -O2 -c" "EXTRA_COMPILER_FLAGS=-g"
Compiling qspips
Running Make libs in ps7_cortexa9_0/libsrc/scugic_v3_1/src
make -C ps7_cortexa9_0/libsrc/scugic_v3_1/src -s libs  "SHELL=/bin/sh" "COMPILER=arm-xilinx-eabi-gcc" "ARCHIVER=arm-xilinx-eabi-ar" "COMPILER_FLAGS=  -O2 -c" "EXTRA_COMPILER_FLAGS=-g"
Compiling scugic
Running Make libs in ps7_cortexa9_0/libsrc/scutimer_v2_1/src
make -C ps7_cortexa9_0/libsrc/scutimer_v2_1/src -s libs  "SHELL=/bin/sh" "COMPILER=arm-xilinx-eabi-gcc" "ARCHIVER=arm-xilinx-eabi-ar" "COMPILER_FLAGS=  -O2 -c" "EXTRA_COMPILER_FLAGS=-g"
Compiling scutimer
Running Make libs in ps7_cortexa9_0/libsrc/scuwdt_v2_1/src
make -C ps7_cortexa9_0/libsrc/scuwdt_v2_1/src -s libs  "SHELL=/bin/sh" "COMPILER=arm-xilinx-eabi-gcc" "ARCHIVER=arm-xilinx-eabi-ar" "COMPILER_FLAGS=  -O2 -c" "EXTRA_COMPILER_FLAGS=-g"
Compiling scuwdt
Running Make libs in ps7_cortexa9_0/libsrc/sdps_v2_6/src
make -C ps7_cortexa9_0/libsrc/sdps_v2_6/src -s libs  "SHELL=/bin/sh" "COMPILER=arm-xilinx-eabi-gcc" "ARCHIVER=arm-xilinx-eabi-ar" "COMPILER_FLAGS=  -O2 -c" "EXTRA_COMPILER_FLAGS=-g"
Compiling sdps
Running Make libs in ps7_cortexa9_0/libsrc/standalone_v5_3/src
make -C ps7_cortexa9_0/libsrc/standalone_v5_3/src -s libs  "SHELL=/bin/sh" "COMPILER=arm-xilinx-eabi-gcc" "ARCHIVER=arm-xilinx-eabi-ar" "COMPILER_FLAGS=  -O2 -c" "EXTRA_COMPILER_FLAGS=-g"
Compiling standalone
Running Make libs in ps7_cortexa9_0/libsrc/ttcps_v3_0/src
make -C ps7_cortexa9_0/libsrc/ttcps_v3_0/src -s libs  "SHELL=/bin/sh" "COMPILER=arm-xilinx-eabi-gcc" "ARCHIVER=arm-xilinx-eabi-ar" "COMPILER_FLAGS=  -O2 -c" "EXTRA_COMPILER_FLAGS=-g"
Compiling ttcps
Running Make libs in ps7_cortexa9_0/libsrc/uartps_v3_1/src
make -C ps7_cortexa9_0/libsrc/uartps_v3_1/src -s libs  "SHELL=/bin/sh" "COMPILER=arm-xilinx-eabi-gcc" "ARCHIVER=arm-xilinx-eabi-ar" "COMPILER_FLAGS=  -O2 -c" "EXTRA_COMPILER_FLAGS=-g"
Compiling uartps
Running Make libs in ps7_cortexa9_0/libsrc/usbps_v2_2/src
make -C ps7_cortexa9_0/libsrc/usbps_v2_2/src -s libs  "SHELL=/bin/sh" "COMPILER=arm-xilinx-eabi-gcc" "ARCHIVER=arm-xilinx-eabi-ar" "COMPILER_FLAGS=  -O2 -c" "EXTRA_COMPILER_FLAGS=-g"
Compiling usbps
Running Make libs in ps7_cortexa9_0/libsrc/xadcps_v2_2/src
make -C ps7_cortexa9_0/libsrc/xadcps_v2_2/src -s libs  "SHELL=/bin/sh" "COMPILER=arm-xilinx-eabi-gcc" "ARCHIVER=arm-xilinx-eabi-ar" "COMPILER_FLAGS=  -O2 -c" "EXTRA_COMPILER_FLAGS=-g"
Compiling xadcps
Finished building libraries
10:33:46 **** Auto Build of configuration Debug for project statemachine ****
make all 
Building file: ../src/helloworld.c
Invoking: ARM gcc compiler
arm-xilinx-eabi-gcc -Wall -O0 -g3 -c -fmessage-length=0 -MT"src/helloworld.o" -I../../statemachine_bsp/ps7_cortexa9_0/include -MMD -MP -MF"src/helloworld.d" -MT"src/helloworld.d" -o "src/helloworld.o" "../src/helloworld.c"
Finished building: ../src/helloworld.c
 
Building file: ../src/platform.c
Invoking: ARM gcc compiler
arm-xilinx-eabi-gcc -Wall -O0 -g3 -c -fmessage-length=0 -MT"src/platform.o" -I../../statemachine_bsp/ps7_cortexa9_0/include -MMD -MP -MF"src/platform.d" -MT"src/platform.d" -o "src/platform.o" "../src/platform.c"
Finished building: ../src/platform.c
 
Building target: statemachine.elf
Invoking: ARM gcc linker
arm-xilinx-eabi-gcc -Wl,-T -Wl,../src/lscript.ld -L../../statemachine_bsp/ps7_cortexa9_0/lib -o "statemachine.elf"  ./src/helloworld.o ./src/platform.o   -Wl,--start-group,-lxil,-lgcc,-lc,--end-group
Finished building target: statemachine.elf
 
Invoking: ARM Print Size
arm-xilinx-eabi-size statemachine.elf  |tee "statemachine.elf.size"
   text	   data	    bss	    dec	    hex	filename
  24412	   1200	  22628	  48240	   bc70	statemachine.elf
Finished building: statemachine.elf.size
 
10:34:48 **** Auto Build of configuration Debug for project statemachine ****
make all 
Building file: ../src/helloworld.c
Invoking: ARM gcc compiler
arm-xilinx-eabi-gcc -Wall -O0 -g3 -c -fmessage-length=0 -MT"src/helloworld.o" -I../../statemachine_bsp/ps7_cortexa9_0/include -MMD -MP -MF"src/helloworld.d" -MT"src/helloworld.d" -o "src/helloworld.o" "../src/helloworld.c"
../src/helloworld.c: In function 'statemachine':
../src/helloworld.c:77:8: error: too few arguments to function 'XGpio_DiscreteWrite'
        XGpio_DiscreteWrite()
        ^
In file included from ../src/helloworld.c:3:0:
../../statemachine_bsp/ps7_cortexa9_0/include/xgpio.h:169:6: note: declared here
 void XGpio_DiscreteWrite(XGpio *InstancePtr, unsigned Channel, u32 Mask);
      ^
../src/helloworld.c:78:8: error: expected ';' before 'break'
        break; // TODO generate a movement and update the memory map with the paddle move
        ^
make: *** [src/helloworld.o] Error 1
10:35:28 **** Auto Build of configuration Debug for project statemachine ****
make all 
Building file: ../src/helloworld.c
Invoking: ARM gcc compiler
arm-xilinx-eabi-gcc -Wall -O0 -g3 -c -fmessage-length=0 -MT"src/helloworld.o" -I../../statemachine_bsp/ps7_cortexa9_0/include -MMD -MP -MF"src/helloworld.d" -MT"src/helloworld.d" -o "src/helloworld.o" "../src/helloworld.c"
Finished building: ../src/helloworld.c
 
Building target: statemachine.elf
Invoking: ARM gcc linker
arm-xilinx-eabi-gcc -Wl,-T -Wl,../src/lscript.ld -L../../statemachine_bsp/ps7_cortexa9_0/lib -o "statemachine.elf"  ./src/helloworld.o ./src/platform.o   -Wl,--start-group,-lxil,-lgcc,-lc,--end-group
Finished building target: statemachine.elf
 
Invoking: ARM Print Size
arm-xilinx-eabi-size statemachine.elf  |tee "statemachine.elf.size"
   text	   data	    bss	    dec	    hex	filename
  24436	   1200	  22628	  48264	   bc88	statemachine.elf
Finished building: statemachine.elf.size
 
11:13:26 **** Incremental Build of project statemachine_bsp ****
make -k all 
Running Make include in ps7_cortexa9_0/libsrc/coresightps_dcc_v1_2/src
make -C ps7_cortexa9_0/libsrc/coresightps_dcc_v1_2/src -s include  "SHELL=/bin/sh" "COMPILER=arm-xilinx-eabi-gcc" "ARCHIVER=arm-xilinx-eabi-ar" "COMPILER_FLAGS=  -O2 -c" "EXTRA_COMPILER_FLAGS=-g"
Running Make include in ps7_cortexa9_0/libsrc/cpu_cortexa9_v2_1/src
make -C ps7_cortexa9_0/libsrc/cpu_cortexa9_v2_1/src -s include  "SHELL=/bin/sh" "COMPILER=arm-xilinx-eabi-gcc" "ARCHIVER=arm-xilinx-eabi-ar" "COMPILER_FLAGS=  -O2 -c" "EXTRA_COMPILER_FLAGS=-g"
Running Make include in ps7_cortexa9_0/libsrc/ddrps_v1_0/src
make -C ps7_cortexa9_0/libsrc/ddrps_v1_0/src -s include  "SHELL=/bin/sh" "COMPILER=arm-xilinx-eabi-gcc" "ARCHIVER=arm-xilinx-eabi-ar" "COMPILER_FLAGS=  -O2 -c" "EXTRA_COMPILER_FLAGS=-g"
Running Make include in ps7_cortexa9_0/libsrc/devcfg_v3_3/src
make -C ps7_cortexa9_0/libsrc/devcfg_v3_3/src -s include  "SHELL=/bin/sh" "COMPILER=arm-xilinx-eabi-gcc" "ARCHIVER=arm-xilinx-eabi-ar" "COMPILER_FLAGS=  -O2 -c" "EXTRA_COMPILER_FLAGS=-g"
Running Make include in ps7_cortexa9_0/libsrc/dmaps_v2_1/src
make -C ps7_cortexa9_0/libsrc/dmaps_v2_1/src -s include  "SHELL=/bin/sh" "COMPILER=arm-xilinx-eabi-gcc" "ARCHIVER=arm-xilinx-eabi-ar" "COMPILER_FLAGS=  -O2 -c" "EXTRA_COMPILER_FLAGS=-g"
Running Make include in ps7_cortexa9_0/libsrc/emacps_v3_1/src
make -C ps7_cortexa9_0/libsrc/emacps_v3_1/src -s include  "SHELL=/bin/sh" "COMPILER=arm-xilinx-eabi-gcc" "ARCHIVER=arm-xilinx-eabi-ar" "COMPILER_FLAGS=  -O2 -c" "EXTRA_COMPILER_FLAGS=-g"
Running Make include in ps7_cortexa9_0/libsrc/gpiops_v3_1/src
[...]
                                                            ^
../src/helloworld.c: At top level:
../src/helloworld.c:118:2: error: expected identifier or '(' before '}' token
  }
  ^
make: *** [src/helloworld.o] Error 1
13:56:12 **** Auto Build of configuration Debug for project statemachine ****
make all 
Building file: ../src/helloworld.c
Invoking: ARM gcc compiler
arm-xilinx-eabi-gcc -Wall -O0 -g3 -c -fmessage-length=0 -MT"src/helloworld.o" -I../../statemachine_bsp/ps7_cortexa9_0/include -MMD -MP -MF"src/helloworld.d" -MT"src/helloworld.d" -o "src/helloworld.o" "../src/helloworld.c"
../src/helloworld.c: In function 'statemachine':
../src/helloworld.c:46:8: warning: variable 'ai' set but not used [-Wunused-but-set-variable]
    int ai = 0;
        ^
../src/helloworld.c:45:8: warning: variable 'res' set but not used [-Wunused-but-set-variable]
    int res = LOW;
        ^
../src/helloworld.c:44:8: warning: unused variable 'temp' [-Wunused-variable]
    int temp = 0x1;
        ^
../src/helloworld.c:42:71: warning: variable 'btn_3' set but not used [-Wunused-but-set-variable]
    u32 sw_1 = 0, sw_2 = 0, sw_3 = 0 , sw_4 = 0, btn_1 = 0, btn_2 = 0, btn_3 = 0, btn_4 = 0, init = 0;
                                                                       ^
../src/helloworld.c:42:60: warning: variable 'btn_2' set but not used [-Wunused-but-set-variable]
    u32 sw_1 = 0, sw_2 = 0, sw_3 = 0 , sw_4 = 0, btn_1 = 0, btn_2 = 0, btn_3 = 0, btn_4 = 0, init = 0;
                                                            ^
Finished building: ../src/helloworld.c
 
Building target: statemachine.elf
Invoking: ARM gcc linker
arm-xilinx-eabi-gcc -Wl,-T -Wl,../src/lscript.ld -L../../statemachine_bsp/ps7_cortexa9_0/lib -o "statemachine.elf"  ./src/helloworld.o ./src/platform.o   -Wl,--start-group,-lxil,-lgcc,-lc,--end-group
Finished building target: statemachine.elf
 
Invoking: ARM Print Size
arm-xilinx-eabi-size statemachine.elf  |tee "statemachine.elf.size"
   text	   data	    bss	    dec	    hex	filename
  24776	   1200	  22628	  48604	   bddc	statemachine.elf
Finished building: statemachine.elf.size
 
13:56:17 **** Auto Build of configuration Debug for project statemachine ****
make all 
Building file: ../src/helloworld.c
Invoking: ARM gcc compiler
arm-xilinx-eabi-gcc -Wall -O0 -g3 -c -fmessage-length=0 -MT"src/helloworld.o" -I../../statemachine_bsp/ps7_cortexa9_0/include -MMD -MP -MF"src/helloworld.d" -MT"src/helloworld.d" -o "src/helloworld.o" "../src/helloworld.c"
../src/helloworld.c: In function 'statemachine':
../src/helloworld.c:46:8: warning: variable 'ai' set but not used [-Wunused-but-set-variable]
    int ai = 0;
        ^
../src/helloworld.c:45:8: warning: variable 'res' set but not used [-Wunused-but-set-variable]
    int res = LOW;
        ^
../src/helloworld.c:44:8: warning: unused variable 'temp' [-Wunused-variable]
    int temp = 0x1;
        ^
../src/helloworld.c:42:71: warning: variable 'btn_3' set but not used [-Wunused-but-set-variable]
    u32 sw_1 = 0, sw_2 = 0, sw_3 = 0 , sw_4 = 0, btn_1 = 0, btn_2 = 0, btn_3 = 0, btn_4 = 0, init = 0;
                                                                       ^
../src/helloworld.c:42:60: warning: variable 'btn_2' set but not used [-Wunused-but-set-variable]
    u32 sw_1 = 0, sw_2 = 0, sw_3 = 0 , sw_4 = 0, btn_1 = 0, btn_2 = 0, btn_3 = 0, btn_4 = 0, init = 0;
                                                            ^
Finished building: ../src/helloworld.c
 
Building target: statemachine.elf
Invoking: ARM gcc linker
arm-xilinx-eabi-gcc -Wl,-T -Wl,../src/lscript.ld -L../../statemachine_bsp/ps7_cortexa9_0/lib -o "statemachine.elf"  ./src/helloworld.o ./src/platform.o   -Wl,--start-group,-lxil,-lgcc,-lc,--end-group
Finished building target: statemachine.elf
 
Invoking: ARM Print Size
arm-xilinx-eabi-size statemachine.elf  |tee "statemachine.elf.size"
   text	   data	    bss	    dec	    hex	filename
  24776	   1200	  22628	  48604	   bddc	statemachine.elf
Finished building: statemachine.elf.size
 
13:58:04 **** Auto Build of configuration Debug for project statemachine ****
make all 
Building file: ../src/helloworld.c
Invoking: ARM gcc compiler
arm-xilinx-eabi-gcc -Wall -O0 -g3 -c -fmessage-length=0 -MT"src/helloworld.o" -I../../statemachine_bsp/ps7_cortexa9_0/include -MMD -MP -MF"src/helloworld.d" -MT"src/helloworld.d" -o "src/helloworld.o" "../src/helloworld.c"
../src/helloworld.c: In function 'statemachine':
../src/helloworld.c:46:8: warning: variable 'ai' set but not used [-Wunused-but-set-variable]
    int ai = 0;
        ^
../src/helloworld.c:45:8: warning: variable 'res' set but not used [-Wunused-but-set-variable]
    int res = LOW;
        ^
../src/helloworld.c:44:8: warning: unused variable 'temp' [-Wunused-variable]
    int temp = 0x1;
        ^
../src/helloworld.c:42:71: warning: variable 'btn_3' set but not used [-Wunused-but-set-variable]
    u32 sw_1 = 0, sw_2 = 0, sw_3 = 0 , sw_4 = 0, btn_1 = 0, btn_2 = 0, btn_3 = 0, btn_4 = 0, init = 0;
                                                                       ^
../src/helloworld.c:42:60: warning: variable 'btn_2' set but not used [-Wunused-but-set-variable]
    u32 sw_1 = 0, sw_2 = 0, sw_3 = 0 , sw_4 = 0, btn_1 = 0, btn_2 = 0, btn_3 = 0, btn_4 = 0, init = 0;
                                                            ^
Finished building: ../src/helloworld.c
 
Building target: statemachine.elf
Invoking: ARM gcc linker
arm-xilinx-eabi-gcc -Wl,-T -Wl,../src/lscript.ld -L../../statemachine_bsp/ps7_cortexa9_0/lib -o "statemachine.elf"  ./src/helloworld.o ./src/platform.o   -Wl,--start-group,-lxil,-lgcc,-lc,--end-group
Finished building target: statemachine.elf
 
Invoking: ARM Print Size
arm-xilinx-eabi-size statemachine.elf  |tee "statemachine.elf.size"
   text	   data	    bss	    dec	    hex	filename
  24768	   1200	  22628	  48596	   bdd4	statemachine.elf
Finished building: statemachine.elf.size
 
13:58:18 **** Incremental Build of configuration Debug for project statemachine ****
make all 
make: Nothing to be done for `all'.
11:35:12 **** Auto Build of project statemachine_bsp ****
make -k all 
Running Make include in ps7_cortexa9_0/libsrc/axidma_v9_0/src
make -C ps7_cortexa9_0/libsrc/axidma_v9_0/src -s include  "SHELL=/bin/sh" "COMPILER=arm-xilinx-eabi-gcc" "ARCHIVER=arm-xilinx-eabi-ar" "COMPILER_FLAGS=  -O2 -c" "EXTRA_COMPILER_FLAGS=-g"
Running Make include in ps7_cortexa9_0/libsrc/coresightps_dcc_v1_2/src
make -C ps7_cortexa9_0/libsrc/coresightps_dcc_v1_2/src -s include  "SHELL=/bin/sh" "COMPILER=arm-xilinx-eabi-gcc" "ARCHIVER=arm-xilinx-eabi-ar" "COMPILER_FLAGS=  -O2 -c" "EXTRA_COMPILER_FLAGS=-g"
Running Make include in ps7_cortexa9_0/libsrc/cpu_cortexa9_v2_1/src
make -C ps7_cortexa9_0/libsrc/cpu_cortexa9_v2_1/src -s include  "SHELL=/bin/sh" "COMPILER=arm-xilinx-eabi-gcc" "ARCHIVER=arm-xilinx-eabi-ar" "COMPILER_FLAGS=  -O2 -c" "EXTRA_COMPILER_FLAGS=-g"
Running Make include in ps7_cortexa9_0/libsrc/ddrps_v1_0/src
make -C ps7_cortexa9_0/libsrc/ddrps_v1_0/src -s include  "SHELL=/bin/sh" "COMPILER=arm-xilinx-eabi-gcc" "ARCHIVER=arm-xilinx-eabi-ar" "COMPILER_FLAGS=  -O2 -c" "EXTRA_COMPILER_FLAGS=-g"
Running Make include in ps7_cortexa9_0/libsrc/devcfg_v3_3/src
make -C ps7_cortexa9_0/libsrc/devcfg_v3_3/src -s include  "SHELL=/bin/sh" "COMPILER=arm-xilinx-eabi-gcc" "ARCHIVER=arm-xilinx-eabi-ar" "COMPILER_FLAGS=  -O2 -c" "EXTRA_COMPILER_FLAGS=-g"
Running Make include in ps7_cortexa9_0/libsrc/dmaps_v2_1/src
make -C ps7_cortexa9_0/libsrc/dmaps_v2_1/src -s include  "SHELL=/bin/sh" "COMPILER=arm-xilinx-eabi-gcc" "ARCHIVER=arm-xilinx-eabi-ar" "COMPILER_FLAGS=  -O2 -c" "EXTRA_COMPILER_FLAGS=-g"
Running Make include in ps7_cortexa9_0/libsrc/emacps_v3_1/src
make -C ps7_cortexa9_0/libsrc/emacps_v3_1/src -s include  "SHELL=/bin/sh" "COMPILER=arm-xilinx-eabi-gcc" "ARCHIVER=arm-xilinx-eabi-ar" "COMPILER_FLAGS=  -O2 -c" "EXTRA_COMPILER_FLAGS=-g"
Running Make include in ps7_cortexa9_0/libsrc/gpiops_v3_1/src
make -C ps7_cortexa9_0/libsrc/gpiops_v3_1/src -s include  "SHELL=/bin/sh" "COMPILER=arm-xilinx-eabi-gcc" "ARCHIVER=arm-xilinx-eabi-ar" "COMPILER_FLAGS=  -O2 -c" "EXTRA_COMPILER_FLAGS=-g"
Running Make include in ps7_cortexa9_0/libsrc/gpio_v4_0/src
make -C ps7_cortexa9_0/libsrc/gpio_v4_0/src -s include  "SHELL=/bin/sh" "COMPILER=arm-xilinx-eabi-gcc" "ARCHIVER=arm-xilinx-eabi-ar" "COMPILER_FLAGS=  -O2 -c" "EXTRA_COMPILER_FLAGS=-g"
Running Make include in ps7_cortexa9_0/libsrc/qspips_v3_2/src
make -C ps7_cortexa9_0/libsrc/qspips_v3_2/src -s include  "SHELL=/bin/sh" "COMPILER=arm-xilinx-eabi-gcc" "ARCHIVER=arm-xilinx-eabi-ar" "COMPILER_FLAGS=  -O2 -c" "EXTRA_COMPILER_FLAGS=-g"
Running Make include in ps7_cortexa9_0/libsrc/scugic_v3_1/src
make -C ps7_cortexa9_0/libsrc/scugic_v3_1/src -s include  "SHELL=/bin/sh" "COMPILER=arm-xilinx-eabi-gcc" "ARCHIVER=arm-xilinx-eabi-ar" "COMPILER_FLAGS=  -O2 -c" "EXTRA_COMPILER_FLAGS=-g"
Running Make include in ps7_cortexa9_0/libsrc/scutimer_v2_1/src
make -C ps7_cortexa9_0/libsrc/scutimer_v2_1/src -s include  "SHELL=/bin/sh" "COMPILER=arm-xilinx-eabi-gcc" "ARCHIVER=arm-xilinx-eabi-ar" "COMPILER_FLAGS=  -O2 -c" "EXTRA_COMPILER_FLAGS=-g"
Running Make include in ps7_cortexa9_0/libsrc/scuwdt_v2_1/src
make -C ps7_cortexa9_0/libsrc/scuwdt_v2_1/src -s include  "SHELL=/bin/sh" "COMPILER=arm-xilinx-eabi-gcc" "ARCHIVER=arm-xilinx-eabi-ar" "COMPILER_FLAGS=  -O2 -c" "EXTRA_COMPILER_FLAGS=-g"
Running Make include in ps7_cortexa9_0/libsrc/sdps_v2_6/src
make -C ps7_cortexa9_0/libsrc/sdps_v2_6/src -s include  "SHELL=/bin/sh" "COMPILER=arm-xilinx-eabi-gcc" "ARCHIVER=arm-xilinx-eabi-ar" "COMPILER_FLAGS=  -O2 -c" "EXTRA_COMPILER_FLAGS=-g"
Running Make include in ps7_cortexa9_0/libsrc/standalone_v5_3/src
make -C ps7_cortexa9_0/libsrc/standalone_v5_3/src -s include  "SHELL=/bin/sh" "COMPILER=arm-xilinx-eabi-gcc" "ARCHIVER=arm-xilinx-eabi-ar" "COMPILER_FLAGS=  -O2 -c" "EXTRA_COMPILER_FLAGS=-g"
Running Make include in ps7_cortexa9_0/libsrc/ttcps_v3_0/src
make -C ps7_cortexa9_0/libsrc/ttcps_v3_0/src -s include  "SHELL=/bin/sh" "COMPILER=arm-xilinx-eabi-gcc" "ARCHIVER=arm-xilinx-eabi-ar" "COMPILER_FLAGS=  -O2 -c" "EXTRA_COMPILER_FLAGS=-g"
Running Make include in ps7_cortexa9_0/libsrc/uartps_v3_1/src
make -C ps7_cortexa9_0/libsrc/uartps_v3_1/src -s include  "SHELL=/bin/sh" "COMPILER=arm-xilinx-eabi-gcc" "ARCHIVER=arm-xilinx-eabi-ar" "COMPILER_FLAGS=  -O2 -c" "EXTRA_COMPILER_FLAGS=-g"
Running Make include in ps7_cortexa9_0/libsrc/usbps_v2_2/src
make -C ps7_cortexa9_0/libsrc/usbps_v2_2/src -s include  "SHELL=/bin/sh" "COMPILER=arm-xilinx-eabi-gcc" "ARCHIVER=arm-xilinx-eabi-ar" "COMPILER_FLAGS=  -O2 -c" "EXTRA_COMPILER_FLAGS=-g"
Running Make include in ps7_cortexa9_0/libsrc/xadcps_v2_2/src
make -C ps7_cortexa9_0/libsrc/xadcps_v2_2/src -s include  "SHELL=/bin/sh" "COMPILER=arm-xilinx-eabi-gcc" "ARCHIVER=arm-xilinx-eabi-ar" "COMPILER_FLAGS=  -O2 -c" "EXTRA_COMPILER_FLAGS=-g"
Running Make libs in ps7_cortexa9_0/libsrc/axidma_v9_0/src
make -C ps7_cortexa9_0/libsrc/axidma_v9_0/src -s libs  "SHELL=/bin/sh" "COMPILER=arm-xilinx-eabi-gcc" "ARCHIVER=arm-xilinx-eabi-ar" "COMPILER_FLAGS=  -O2 -c" "EXTRA_COMPILER_FLAGS=-g"
Compiling axidma
In file included from xaxidma.h:470:0,
                 from xaxidma.c:83:
xaxidma.c: In function 'XAxiDma_Reset':
xaxidma_bdring.h:238:26: warning: assignment makes pointer from integer without a cast
    (RingPtr)->BdaRestart =      \
                          ^
xaxidma.c:313:3: note: in expansion of macro 'XAxiDma_BdRingSnapShotCurrBd'
   XAxiDma_BdRingSnapShotCurrBd(TxRingPtr);
   ^
xaxidma_bdring.h:243:27: warning: assignment makes pointer from integer without a cast
     (RingPtr)->BdaRestart =     \
                           ^
xaxidma.c:313:3: note: in expansion of macro 'XAxiDma_BdRingSnapShotCurrBd'
   XAxiDma_BdRingSnapShotCurrBd(TxRingPtr);
   ^
xaxidma_bdring.h:248:27: warning: assignment makes pointer from integer without a cast
     (RingPtr)->BdaRestart =     \
                           ^
xaxidma.c:313:3: note: in expansion of macro 'XAxiDma_BdRingSnapShotCurrBd'
   XAxiDma_BdRingSnapShotCurrBd(TxRingPtr);
   ^
xaxidma_bdring.h:238:26: warning: assignment makes pointer from integer without a cast
    (RingPtr)->BdaRestart =      \
                          ^
xaxidma.c:319:4: note: in expansion of macro 'XAxiDma_BdRingSnapShotCurrBd'
    XAxiDma_BdRingSnapShotCurrBd(RxRingPtr);
    ^
xaxidma_bdring.h:243:27: warning: assignment makes pointer from integer without a cast
     (RingPtr)->BdaRestart =     \
                           ^
xaxidma.c:319:4: note: in expansion of macro 'XAxiDma_BdRingSnapShotCurrBd'
    XAxiDma_BdRingSnapShotCurrBd(RxRingPtr);
    ^
xaxidma_bdring.h:248:27: warning: assignment makes pointer from integer without a cast
     (RingPtr)->BdaRestart =     \
                           ^
xaxidma.c:319:4: note: in expansion of macro 'XAxiDma_BdRingSnapShotCurrBd'
    XAxiDma_BdRingSnapShotCurrBd(RxRingPtr);
    ^
arm-xilinx-eabi-ar: creating ../../../lib/libxil.a
Running Make libs in ps7_cortexa9_0/libsrc/coresightps_dcc_v1_2/src
make -C ps7_cortexa9_0/libsrc/coresightps_dcc_v1_2/src -s libs  "SHELL=/bin/sh" "COMPILER=arm-xilinx-eabi-gcc" "ARCHIVER=arm-xilinx-eabi-ar" "COMPILER_FLAGS=  -O2 -c" "EXTRA_COMPILER_FLAGS=-g"
Compiling coresightps_dcc
Running Make libs in ps7_cortexa9_0/libsrc/cpu_cortexa9_v2_1/src
make -C ps7_cortexa9_0/libsrc/cpu_cortexa9_v2_1/src -s libs  "SHELL=/bin/sh" "COMPILER=arm-xilinx-eabi-gcc" "ARCHIVER=arm-xilinx-eabi-ar" "COMPILER_FLAGS=  -O2 -c" "EXTRA_COMPILER_FLAGS=-g"
Compiling cpu_cortexa9
Running Make libs in ps7_cortexa9_0/libsrc/ddrps_v1_0/src
make -C ps7_cortexa9_0/libsrc/ddrps_v1_0/src -s libs  "SHELL=/bin/sh" "COMPILER=arm-xilinx-eabi-gcc" "ARCHIVER=arm-xilinx-eabi-ar" "COMPILER_FLAGS=  -O2 -c" "EXTRA_COMPILER_FLAGS=-g"
Compiling ddrps
Running Make libs in ps7_cortexa9_0/libsrc/devcfg_v3_3/src
make -C ps7_cortexa9_0/libsrc/devcfg_v3_3/src -s libs  "SHELL=/bin/sh" "COMPILER=arm-xilinx-eabi-gcc" "ARCHIVER=arm-xilinx-eabi-ar" "COMPILER_FLAGS=  -O2 -c" "EXTRA_COMPILER_FLAGS=-g"
Compiling devcfg
Running Make libs in ps7_cortexa9_0/libsrc/dmaps_v2_1/src
make -C ps7_cortexa9_0/libsrc/dmaps_v2_1/src -s libs  "SHELL=/bin/sh" "COMPILER=arm-xilinx-eabi-gcc" "ARCHIVER=arm-xilinx-eabi-ar" "COMPILER_FLAGS=  -O2 -c" "EXTRA_COMPILER_FLAGS=-g"
Compiling dmaps
Running Make libs in ps7_cortexa9_0/libsrc/emacps_v3_1/src
make -C ps7_cortexa9_0/libsrc/emacps_v3_1/src -s libs  "SHELL=/bin/sh" "COMPILER=arm-xilinx-eabi-gcc" "ARCHIVER=arm-xilinx-eabi-ar" "COMPILER_FLAGS=  -O2 -c" "EXTRA_COMPILER_FLAGS=-g"
Compiling emacps
Running Make libs in ps7_cortexa9_0/libsrc/gpiops_v3_1/src
make -C ps7_cortexa9_0/libsrc/gpiops_v3_1/src -s libs  "SHELL=/bin/sh" "COMPILER=arm-xilinx-eabi-gcc" "ARCHIVER=arm-xilinx-eabi-ar" "COMPILER_FLAGS=  -O2 -c" "EXTRA_COMPILER_FLAGS=-g"
Compiling gpiops
Running Make libs in ps7_cortexa9_0/libsrc/gpio_v4_0/src
make -C ps7_cortexa9_0/libsrc/gpio_v4_0/src -s libs  "SHELL=/bin/sh" "COMPILER=arm-xilinx-eabi-gcc" "ARCHIVER=arm-xilinx-eabi-ar" "COMPILER_FLAGS=  -O2 -c" "EXTRA_COMPILER_FLAGS=-g"
Compiling gpio
Running Make libs in ps7_cortexa9_0/libsrc/qspips_v3_2/src
make -C ps7_cortexa9_0/libsrc/qspips_v3_2/src -s libs  "SHELL=/bin/sh" "COMPILER=arm-xilinx-eabi-gcc" "ARCHIVER=arm-xilinx-eabi-ar" "COMPILER_FLAGS=  -O2 -c" "EXTRA_COMPILER_FLAGS=-g"
Compiling qspips
Running Make libs in ps7_cortexa9_0/libsrc/scugic_v3_1/src
make -C ps7_cortexa9_0/libsrc/scugic_v3_1/src -s libs  "SHELL=/bin/sh" "COMPILER=arm-xilinx-eabi-gcc" "ARCHIVER=arm-xilinx-eabi-ar" "COMPILER_FLAGS=  -O2 -c" "EXTRA_COMPILER_FLAGS=-g"
Compiling scugic
Running Make libs in ps7_cortexa9_0/libsrc/scutimer_v2_1/src
make -C ps7_cortexa9_0/libsrc/scutimer_v2_1/src -s libs  "SHELL=/bin/sh" "COMPILER=arm-xilinx-eabi-gcc" "ARCHIVER=arm-xilinx-eabi-ar" "COMPILER_FLAGS=  -O2 -c" "EXTRA_COMPILER_FLAGS=-g"
Compiling scutimer
Running Make libs in ps7_cortexa9_0/libsrc/scuwdt_v2_1/src
make -C ps7_cortexa9_0/libsrc/scuwdt_v2_1/src -s libs  "SHELL=/bin/sh" "COMPILER=arm-xilinx-eabi-gcc" "ARCHIVER=arm-xilinx-eabi-ar" "COMPILER_FLAGS=  -O2 -c" "EXTRA_COMPILER_FLAGS=-g"
Compiling scuwdt
Running Make libs in ps7_cortexa9_0/libsrc/sdps_v2_6/src
make -C ps7_cortexa9_0/libsrc/sdps_v2_6/src -s libs  "SHELL=/bin/sh" "COMPILER=arm-xilinx-eabi-gcc" "ARCHIVER=arm-xilinx-eabi-ar" "COMPILER_FLAGS=  -O2 -c" "EXTRA_COMPILER_FLAGS=-g"
Compiling sdps
Running Make libs in ps7_cortexa9_0/libsrc/standalone_v5_3/src
make -C ps7_cortexa9_0/libsrc/standalone_v5_3/src -s libs  "SHELL=/bin/sh" "COMPILER=arm-xilinx-eabi-gcc" "ARCHIVER=arm-xilinx-eabi-ar" "COMPILER_FLAGS=  -O2 -c" "EXTRA_COMPILER_FLAGS=-g"
Compiling standalone
Running Make libs in ps7_cortexa9_0/libsrc/ttcps_v3_0/src
make -C ps7_cortexa9_0/libsrc/ttcps_v3_0/src -s libs  "SHELL=/bin/sh" "COMPILER=arm-xilinx-eabi-gcc" "ARCHIVER=arm-xilinx-eabi-ar" "COMPILER_FLAGS=  -O2 -c" "EXTRA_COMPILER_FLAGS=-g"
Compiling ttcps
Running Make libs in ps7_cortexa9_0/libsrc/uartps_v3_1/src
make -C ps7_cortexa9_0/libsrc/uartps_v3_1/src -s libs  "SHELL=/bin/sh" "COMPILER=arm-xilinx-eabi-gcc" "ARCHIVER=arm-xilinx-eabi-ar" "COMPILER_FLAGS=  -O2 -c" "EXTRA_COMPILER_FLAGS=-g"
Compiling uartps
Running Make libs in ps7_cortexa9_0/libsrc/usbps_v2_2/src
make -C ps7_cortexa9_0/libsrc/usbps_v2_2/src -s libs  "SHELL=/bin/sh" "COMPILER=arm-xilinx-eabi-gcc" "ARCHIVER=arm-xilinx-eabi-ar" "COMPILER_FLAGS=  -O2 -c" "EXTRA_COMPILER_FLAGS=-g"
Compiling usbps
Running Make libs in ps7_cortexa9_0/libsrc/xadcps_v2_2/src
make -C ps7_cortexa9_0/libsrc/xadcps_v2_2/src -s libs  "SHELL=/bin/sh" "COMPILER=arm-xilinx-eabi-gcc" "ARCHIVER=arm-xilinx-eabi-ar" "COMPILER_FLAGS=  -O2 -c" "EXTRA_COMPILER_FLAGS=-g"
Compiling xadcps
Finished building libraries
11:35:23 **** Auto Build of configuration Debug for project statemachine ****
make all 
Building file: ../src/helloworld.c
Invoking: ARM gcc compiler
arm-xilinx-eabi-gcc -Wall -O0 -g3 -c -fmessage-length=0 -MT"src/helloworld.o" -I../../statemachine_bsp/ps7_cortexa9_0/include -MMD -MP -MF"src/helloworld.d" -MT"src/helloworld.d" -o "src/helloworld.o" "../src/helloworld.c"
../src/helloworld.c: In function 'statemachine':
../src/helloworld.c:46:8: warning: variable 'ai' set but not used [-Wunused-but-set-variable]
    int ai = 0;
        ^
../src/helloworld.c:45:8: warning: variable 'res' set but not used [-Wunused-but-set-variable]
    int res = LOW;
        ^
../src/helloworld.c:44:8: warning: unused variable 'temp' [-Wunused-variable]
    int temp = 0x1;
        ^
../src/helloworld.c:42:71: warning: variable 'btn_3' set but not used [-Wunused-but-set-variable]
    u32 sw_1 = 0, sw_2 = 0, sw_3 = 0 , sw_4 = 0, btn_1 = 0, btn_2 = 0, btn_3 = 0, btn_4 = 0, init = 0;
                                                                       ^
../src/helloworld.c:42:60: warning: variable 'btn_2' set but not used [-Wunused-but-set-variable]
    u32 sw_1 = 0, sw_2 = 0, sw_3 = 0 , sw_4 = 0, btn_1 = 0, btn_2 = 0, btn_3 = 0, btn_4 = 0, init = 0;
                                                            ^
Finished building: ../src/helloworld.c
 
Building file: ../src/platform.c
Invoking: ARM gcc compiler
arm-xilinx-eabi-gcc -Wall -O0 -g3 -c -fmessage-length=0 -MT"src/platform.o" -I../../statemachine_bsp/ps7_cortexa9_0/include -MMD -MP -MF"src/platform.d" -MT"src/platform.d" -o "src/platform.o" "../src/platform.c"
Finished building: ../src/platform.c
 
Building target: statemachine.elf
Invoking: ARM gcc linker
arm-xilinx-eabi-gcc -Wl,-T -Wl,../src/lscript.ld -L../../statemachine_bsp/ps7_cortexa9_0/lib -o "statemachine.elf"  ./src/helloworld.o ./src/platform.o   -Wl,--start-group,-lxil,-lgcc,-lc,--end-group
Finished building target: statemachine.elf
 
Invoking: ARM Print Size
arm-xilinx-eabi-size statemachine.elf  |tee "statemachine.elf.size"
   text	   data	    bss	    dec	    hex	filename
  24768	   1200	  22628	  48596	   bdd4	statemachine.elf
Finished building: statemachine.elf.size
 
