23:01:18 **** Auto Build of configuration Debug for project statemachine ****
make all 
Building file: ../src/helloworld.c
Invoking: ARM gcc compiler
arm-xilinx-eabi-gcc -Wall -O0 -g3 -c -fmessage-length=0 -MT"src/helloworld.o" -I../../statemachine_bsp/ps7_cortexa9_0/include -MMD -MP -MF"src/helloworld.d" -MT"src/helloworld.d" -o "src/helloworld.o" "../src/helloworld.c"
Finished building: ../src/helloworld.c
 
Building target: statemachine.elf
Invoking: ARM gcc linker
arm-xilinx-eabi-gcc -Wl,-T -Wl,../src/lscript.ld -L../../statemachine_bsp/ps7_cortexa9_0/lib -o "statemachine.elf"  ./src/helloworld.o ./src/platform.o   -Wl,--start-group,-lxil,-lgcc,-lc,--end-group
Finished building target: statemachine.elf
 
Invoking: ARM Print Size
arm-xilinx-eabi-size statemachine.elf  |tee "statemachine.elf.size"
   text	   data	    bss	    dec	    hex	filename
  37960	   1264	  22628	  61852	   f19c	statemachine.elf
Finished building: statemachine.elf.size
 

23:01:18 Build Finished (took 164ms)

